Nov  1 13:39:36 manugil-regolith systemd-modules-load[326]: Inserted module 'lp'
Nov  1 13:39:36 manugil-regolith systemd-modules-load[326]: Inserted module 'ppdev'
Nov  1 13:39:36 manugil-regolith systemd-modules-load[326]: Inserted module 'parport_pc'
Nov  1 13:39:36 manugil-regolith systemd-sysctl[344]: Not setting net/ipv4/conf/all/promote_secondaries (explicit setting exists).
Nov  1 13:39:36 manugil-regolith systemd-sysctl[344]: Not setting net/ipv4/conf/default/promote_secondaries (explicit setting exists).
Nov  1 13:39:36 manugil-regolith systemd[1]: Starting Flush Journal to Persistent Storage...
Nov  1 13:39:36 manugil-regolith mtp-probe: checking bus 1, device 4: "/sys/devices/pci0000:00/0000:00:14.0/usb1/1-6"
Nov  1 13:39:36 manugil-regolith systemd[1]: Started udev Kernel Device Manager.
Nov  1 13:39:36 manugil-regolith mtp-probe: checking bus 1, device 2: "/sys/devices/pci0000:00/0000:00:14.0/usb1/1-3"
Nov  1 13:39:36 manugil-regolith systemd[1]: Starting Show Plymouth Boot Screen...
Nov  1 13:39:36 manugil-regolith mtp-probe: bus: 1, device: 4 was not an MTP device
Nov  1 13:39:36 manugil-regolith systemd[1]: Received SIGRTMIN+20 from PID 384 (plymouthd).
Nov  1 13:39:36 manugil-regolith mtp-probe: bus: 1, device: 2 was not an MTP device
Nov  1 13:39:36 manugil-regolith systemd[1]: Started Show Plymouth Boot Screen.
Nov  1 13:39:36 manugil-regolith mtp-probe: checking bus 1, device 3: "/sys/devices/pci0000:00/0000:00:14.0/usb1/1-5"
Nov  1 13:39:36 manugil-regolith systemd[1]: Condition check resulted in Dispatch Password Requests to Console Directory Watch being skipped.
Nov  1 13:39:36 manugil-regolith mtp-probe: bus: 1, device: 3 was not an MTP device
Nov  1 13:39:36 manugil-regolith systemd[1]: Started Forward Password Requests to Plymouth Directory Watch.
Nov  1 13:39:36 manugil-regolith systemd[1]: Reached target Local Encrypted Volumes.
Nov  1 13:39:36 manugil-regolith systemd[1]: Mounted Mount unit for core18, revision 1932.
Nov  1 13:39:36 manugil-regolith systemd[1]: Mounted Mount unit for gnome-3-28-1804, revision 145.
Nov  1 13:39:36 manugil-regolith systemd[1]: Mounted Mount unit for core18, revision 1885.
Nov  1 13:39:36 manugil-regolith systemd-udevd[361]: Using default interface naming scheme 'v245'.
Nov  1 13:39:36 manugil-regolith systemd-udevd[387]: Using default interface naming scheme 'v245'.
Nov  1 13:39:36 manugil-regolith systemd-udevd[387]: ethtool: autonegotiation is unset or enabled, the speed and duplex are not writable.
Nov  1 13:39:36 manugil-regolith systemd-udevd[361]: ethtool: autonegotiation is unset or enabled, the speed and duplex are not writable.
Nov  1 13:39:36 manugil-regolith systemd[1]: Mounted Mount unit for snapd, revision 9721.
Nov  1 13:39:36 manugil-regolith systemd[1]: Mounted Mount unit for spotify, revision 42.
Nov  1 13:39:36 manugil-regolith systemd[1]: Mounted Mount unit for gtk-common-themes, revision 1506.
Nov  1 13:39:36 manugil-regolith systemd[1]: Mounted Mount unit for todoist, revision 2.
Nov  1 13:39:36 manugil-regolith systemd[1]: Finished Flush Journal to Persistent Storage.
Nov  1 13:39:36 manugil-regolith systemd-udevd[383]: ethtool: autonegotiation is unset or enabled, the speed and duplex are not writable.
Nov  1 13:39:36 manugil-regolith systemd[1]: Listening on Load/Save RF Kill Switch Status /dev/rfkill Watch.
Nov  1 13:39:36 manugil-regolith systemd[1]: Starting Load/Save RF Kill Switch Status...
Nov  1 13:39:36 manugil-regolith systemd[1]: Started Load/Save RF Kill Switch Status.
Nov  1 13:39:36 manugil-regolith systemd[1]: Condition check resulted in Dispatch Password Requests to Console Directory Watch being skipped.
Nov  1 13:39:36 manugil-regolith systemd[1]: Condition check resulted in Set Up Additional Binary Formats being skipped.
Nov  1 13:39:36 manugil-regolith systemd[1]: Condition check resulted in File System Check on Root Device being skipped.
Nov  1 13:39:36 manugil-regolith systemd[1]: Condition check resulted in Rebuild Hardware Database being skipped.
Nov  1 13:39:36 manugil-regolith systemd[1]: Condition check resulted in Platform Persistent Storage Archival being skipped.
Nov  1 13:39:36 manugil-regolith systemd[1]: Condition check resulted in Dispatch Password Requests to Console Directory Watch being skipped.
Nov  1 13:39:36 manugil-regolith systemd[1]: Condition check resulted in Set Up Additional Binary Formats being skipped.
Nov  1 13:39:36 manugil-regolith systemd[1]: Condition check resulted in File System Check on Root Device being skipped.
Nov  1 13:39:36 manugil-regolith systemd[1]: Condition check resulted in Rebuild Hardware Database being skipped.
Nov  1 13:39:36 manugil-regolith systemd[1]: Condition check resulted in Platform Persistent Storage Archival being skipped.
Nov  1 13:39:36 manugil-regolith systemd-udevd[366]: Using default interface naming scheme 'v245'.
Nov  1 13:39:36 manugil-regolith systemd-udevd[366]: ethtool: autonegotiation is unset or enabled, the speed and duplex are not writable.
Nov  1 13:39:36 manugil-regolith systemd-udevd[391]: Using default interface naming scheme 'v245'.
Nov  1 13:39:36 manugil-regolith systemd[1]: Condition check resulted in Dispatch Password Requests to Console Directory Watch being skipped.
Nov  1 13:39:36 manugil-regolith systemd[1]: Condition check resulted in Set Up Additional Binary Formats being skipped.
Nov  1 13:39:36 manugil-regolith systemd[1]: Condition check resulted in File System Check on Root Device being skipped.
Nov  1 13:39:36 manugil-regolith systemd[1]: Condition check resulted in Rebuild Hardware Database being skipped.
Nov  1 13:39:36 manugil-regolith systemd[1]: Condition check resulted in Platform Persistent Storage Archival being skipped.
Nov  1 13:39:36 manugil-regolith systemd[1]: Found device Samsung_SSD_850_EVO_250GB 4.
Nov  1 13:39:36 manugil-regolith systemd[1]: Found device Samsung_SSD_850_EVO_250GB 6.
Nov  1 13:39:36 manugil-regolith systemd[1]: Found device Samsung_SSD_850_EVO_250GB EFI\x20system\x20partition.
Nov  1 13:39:36 manugil-regolith systemd[1]: Activating swap /dev/disk/by-uuid/951143d5-f07d-4594-93c3-fb2f73c14225...
Nov  1 13:39:36 manugil-regolith systemd[1]: Starting File System Check on /dev/disk/by-uuid/8d1f6fdf-a87d-4f2b-bdda-c534f0384d89...
Nov  1 13:39:36 manugil-regolith systemd[1]: Starting File System Check on /dev/disk/by-uuid/DE3C-27FB...
Nov  1 13:39:36 manugil-regolith systemd[1]: Started File System Check Daemon to report status.
Nov  1 13:39:36 manugil-regolith systemd[1]: Activated swap /dev/disk/by-uuid/951143d5-f07d-4594-93c3-fb2f73c14225.
Nov  1 13:39:36 manugil-regolith systemd[1]: Reached target Swap.
Nov  1 13:39:36 manugil-regolith systemd-fsck[640]: /dev/sdb4: clean, 86601/855120 files, 1639215/3417856 blocks
Nov  1 13:39:36 manugil-regolith systemd[1]: Finished File System Check on /dev/disk/by-uuid/8d1f6fdf-a87d-4f2b-bdda-c534f0384d89.
Nov  1 13:39:36 manugil-regolith systemd[1]: Mounting /home...
Nov  1 13:39:36 manugil-regolith systemd-fsck[641]: fsck.fat 4.1 (2017-01-24)
Nov  1 13:39:36 manugil-regolith systemd-fsck[641]: /dev/sdb1: 202 files, 33666/97280 clusters
Nov  1 13:39:36 manugil-regolith systemd[1]: Finished File System Check on /dev/disk/by-uuid/DE3C-27FB.
Nov  1 13:39:36 manugil-regolith systemd[1]: Mounted /home.
Nov  1 13:39:36 manugil-regolith systemd[1]: Mounting /boot/efi...
Nov  1 13:39:36 manugil-regolith systemd[1]: Mounted /boot/efi.
Nov  1 13:39:36 manugil-regolith systemd[1]: Reached target Local File Systems.
Nov  1 13:39:36 manugil-regolith systemd[1]: Starting Load AppArmor profiles...
Nov  1 13:39:36 manugil-regolith systemd[1]: Starting Set console font and keymap...
Nov  1 13:39:36 manugil-regolith systemd[1]: Starting Tell Plymouth To Write Out Runtime Data...
Nov  1 13:39:36 manugil-regolith systemd[1]: Condition check resulted in Store a System Token in an EFI Variable being skipped.
Nov  1 13:39:36 manugil-regolith systemd[1]: Condition check resulted in Commit a transient machine-id on disk being skipped.
Nov  1 13:39:36 manugil-regolith systemd[1]: Starting Create Volatile Files and Directories...
Nov  1 13:39:36 manugil-regolith systemd[1]: Finished Set console font and keymap.
Nov  1 13:39:36 manugil-regolith systemd[1]: Condition check resulted in Dispatch Password Requests to Console Directory Watch being skipped.
Nov  1 13:39:36 manugil-regolith systemd[1]: Condition check resulted in Set Up Additional Binary Formats being skipped.
Nov  1 13:39:36 manugil-regolith systemd[1]: Condition check resulted in Store a System Token in an EFI Variable being skipped.
Nov  1 13:39:36 manugil-regolith systemd[1]: Condition check resulted in Rebuild Hardware Database being skipped.
Nov  1 13:39:36 manugil-regolith systemd[1]: Condition check resulted in Commit a transient machine-id on disk being skipped.
Nov  1 13:39:36 manugil-regolith systemd[1]: Condition check resulted in Platform Persistent Storage Archival being skipped.
Nov  1 13:39:36 manugil-regolith apparmor.systemd[712]: Restarting AppArmor
Nov  1 13:39:36 manugil-regolith apparmor.systemd[712]: Reloading AppArmor profiles
Nov  1 13:39:36 manugil-regolith systemd[1]: Finished Create Volatile Files and Directories.
Nov  1 13:39:36 manugil-regolith systemd[1]: Starting Network Name Resolution...
Nov  1 13:39:36 manugil-regolith systemd[1]: Starting Network Time Synchronization...
Nov  1 13:39:36 manugil-regolith apparmor.systemd[738]: Skipping profile in /etc/apparmor.d/disable: usr.sbin.rsyslogd
Nov  1 13:39:36 manugil-regolith systemd[1]: Starting Update UTMP about System Boot/Shutdown...
Nov  1 13:39:36 manugil-regolith apparmor.systemd[740]: Skipping profile in /etc/apparmor.d/disable: usr.bin.firefox
Nov  1 13:39:36 manugil-regolith systemd[1]: Finished Update UTMP about System Boot/Shutdown.
Nov  1 13:39:36 manugil-regolith systemd[1]: Finished Load AppArmor profiles.
Nov  1 13:39:36 manugil-regolith systemd[1]: Starting Load AppArmor profiles managed internally by snapd...
Nov  1 13:39:36 manugil-regolith systemd[1]: Finished Load AppArmor profiles managed internally by snapd.
Nov  1 13:39:36 manugil-regolith systemd[1]: Started Network Time Synchronization.
Nov  1 13:39:36 manugil-regolith systemd[1]: Reached target System Time Set.
Nov  1 13:39:36 manugil-regolith systemd[1]: Reached target System Time Synchronized.
Nov  1 13:39:36 manugil-regolith systemd-resolved[732]: Positive Trust Anchors:
Nov  1 13:39:36 manugil-regolith systemd-resolved[732]: . IN DS 20326 8 2 e06d44b80b8f1d39a95c0b0d7c65d08458e880409bbc683457104237c7f8ec8d
Nov  1 13:39:36 manugil-regolith systemd-resolved[732]: Negative trust anchors: 10.in-addr.arpa 16.172.in-addr.arpa 17.172.in-addr.arpa 18.172.in-addr.arpa 19.172.in-addr.arpa 20.172.in-addr.arpa 21.172.in-addr.arpa 22.172.in-addr.arpa 23.172.in-addr.arpa 24.172.in-addr.arpa 25.172.in-addr.arpa 26.172.in-addr.arpa 27.172.in-addr.arpa 28.172.in-addr.arpa 29.172.in-addr.arpa 30.172.in-addr.arpa 31.172.in-addr.arpa 168.192.in-addr.arpa d.f.ip6.arpa corp home internal intranet lan local private test
Nov  1 13:39:36 manugil-regolith systemd-resolved[732]: Using system hostname 'manugil-regolith'.
Nov  1 13:39:36 manugil-regolith systemd[1]: Started Network Name Resolution.
Nov  1 13:39:36 manugil-regolith systemd[1]: Reached target Host and Network Name Lookups.
Nov  1 13:39:36 manugil-regolith systemd[1]: Received SIGRTMIN+20 from PID 384 (plymouthd).
Nov  1 13:39:36 manugil-regolith systemd[1]: plymouth-read-write.service: Succeeded.
Nov  1 13:39:36 manugil-regolith systemd[1]: Finished Tell Plymouth To Write Out Runtime Data.
Nov  1 13:39:36 manugil-regolith systemd[1]: Reached target System Initialization.
Nov  1 13:39:36 manugil-regolith systemd[1]: Started Process error reports when automatic reporting is enabled (file watch).
Nov  1 13:39:36 manugil-regolith systemd[1]: Started CUPS Scheduler.
Nov  1 13:39:36 manugil-regolith systemd[1]: Started Trigger anacron every hour.
Nov  1 13:39:36 manugil-regolith systemd[1]: Started Daily apt download activities.
Nov  1 13:39:36 manugil-regolith systemd[1]: Started Daily apt upgrade and clean activities.
Nov  1 13:39:36 manugil-regolith systemd[1]: Started Periodic ext4 Online Metadata Check for All Filesystems.
Nov  1 13:39:36 manugil-regolith systemd[1]: Started Discard unused blocks once a week.
Nov  1 13:39:36 manugil-regolith systemd[1]: Started Refresh fwupd metadata regularly.
Nov  1 13:39:36 manugil-regolith systemd[1]: Started Daily rotation of log files.
Nov  1 13:39:36 manugil-regolith systemd[1]: Started Daily man-db regeneration.
Nov  1 13:39:36 manugil-regolith systemd[1]: Started Message of the Day.
Nov  1 13:39:36 manugil-regolith systemd[1]: Condition check resulted in Timer to automatically fetch and run repair assertions being skipped.
Nov  1 13:39:36 manugil-regolith systemd[1]: Started Daily Cleanup of Temporary Directories.
Nov  1 13:39:36 manugil-regolith systemd[1]: Reached target Paths.
Nov  1 13:39:36 manugil-regolith systemd[1]: Reached target Timers.
Nov  1 13:39:36 manugil-regolith systemd[1]: Condition check resulted in Unix socket for apport crash forwarding being skipped.
Nov  1 13:39:36 manugil-regolith systemd[1]: Listening on Avahi mDNS/DNS-SD Stack Activation Socket.
Nov  1 13:39:36 manugil-regolith systemd[1]: Listening on CUPS Scheduler.
Nov  1 13:39:36 manugil-regolith systemd[1]: Listening on D-Bus System Message Bus Socket.
Nov  1 13:39:36 manugil-regolith systemd[1]: Starting Socket activation for snappy daemon.
Nov  1 13:39:36 manugil-regolith systemd[1]: Listening on UUID daemon activation socket.
Nov  1 13:39:36 manugil-regolith systemd[1]: Listening on Socket activation for snappy daemon.
Nov  1 13:39:36 manugil-regolith systemd[1]: Reached target Sockets.
Nov  1 13:39:36 manugil-regolith systemd[1]: Reached target Basic System.
Nov  1 13:39:36 manugil-regolith systemd[1]: Starting Accounts Service...
Nov  1 13:39:36 manugil-regolith systemd[1]: Started Run anacron jobs.
Nov  1 13:39:36 manugil-regolith systemd[1]: Starting Process error reports when automatic reporting is enabled...
Nov  1 13:39:36 manugil-regolith anacron[767]: Anacron 2.3 started on 2020-11-01
Nov  1 13:39:36 manugil-regolith anacron[767]: Normal exit (0 jobs run)
Nov  1 13:39:36 manugil-regolith systemd[1]: Starting LSB: automatic crash report generation...
Nov  1 13:39:36 manugil-regolith systemd[1]: Starting Avahi mDNS/DNS-SD Stack...
Nov  1 13:39:36 manugil-regolith systemd[1]: Starting Bluetooth service...
Nov  1 13:39:36 manugil-regolith cron[773]: (CRON) INFO (pidfile fd = 3)
Nov  1 13:39:36 manugil-regolith systemd[1]: Started Regular background program processing daemon.
Nov  1 13:39:36 manugil-regolith systemd[1]: Started CUPS Scheduler.
Nov  1 13:39:36 manugil-regolith avahi-daemon[770]: Found user 'avahi' (UID 116) and group 'avahi' (GID 124).
Nov  1 13:39:36 manugil-regolith systemd[1]: Started D-Bus System Message Bus.
Nov  1 13:39:36 manugil-regolith cron[773]: (CRON) INFO (Running @reboot jobs)
Nov  1 13:39:36 manugil-regolith systemd[1]: Starting Network Manager...
Nov  1 13:39:36 manugil-regolith systemd[1]: Started Save initial kernel messages after boot.
Nov  1 13:39:36 manugil-regolith systemd[1]: Starting Remove Stale Online ext4 Metadata Check Snapshots...
Nov  1 13:39:36 manugil-regolith systemd[1]: Condition check resulted in getty on tty2-tty6 if dbus and logind are not available being skipped.
Nov  1 13:39:36 manugil-regolith systemd[1]: Starting Detect the available GPUs and deal with any system changes...
Nov  1 13:39:36 manugil-regolith systemd[1]: Starting LSB: Record successful boot for GRUB...
Nov  1 13:39:36 manugil-regolith systemd[1]: Starting GRUB failed boot detection...
Nov  1 13:39:36 manugil-regolith bluetoothd[771]: Bluetooth daemon 5.53
Nov  1 13:39:36 manugil-regolith systemd[1]: Started irqbalance daemon.
Nov  1 13:39:36 manugil-regolith systemd[1]: Starting Initialize hardware monitoring sensors...
Nov  1 13:39:36 manugil-regolith systemd[1]: Starting Dispatcher daemon for systemd-networkd...
Nov  1 13:39:36 manugil-regolith systemd[1]: Starting NVIDIA Persistence Daemon...
Nov  1 13:39:36 manugil-regolith systemd[1]: Started Set the CPU Frequency Scaling governor.
Nov  1 13:39:36 manugil-regolith systemd[1]: Starting Authorization Manager...
Nov  1 13:39:36 manugil-regolith systemd[1]: Starting Restore /etc/resolv.conf if the system crashed before the ppp link was shut down...
Nov  1 13:39:36 manugil-regolith nvidia-persistenced: Verbose syslog connection opened
Nov  1 13:39:36 manugil-regolith nvidia-persistenced: Now running with user ID 124 and group ID 135
Nov  1 13:39:36 manugil-regolith systemd[1]: Starting System Logging Service...
Nov  1 13:39:36 manugil-regolith nvidia-persistenced: Started (803)
Nov  1 13:39:36 manugil-regolith systemd[1]: Condition check resulted in Secure Boot updates for DB and DBX being skipped.
Nov  1 13:39:36 manugil-regolith nvidia-persistenced: device 0000:01:00.0 - registered
Nov  1 13:39:36 manugil-regolith systemd[1]: Condition check resulted in Automatically repair incorrect owner/permissions on core devices being skipped.
Nov  1 13:39:36 manugil-regolith nvidia-persistenced: Local RPC services initialized
Nov  1 13:39:36 manugil-regolith systemd[1]: Condition check resulted in Wait for the Ubuntu Core chooser trigger being skipped.
Nov  1 13:39:36 manugil-regolith systemd[1]: Starting Snap Daemon...
Nov  1 13:39:36 manugil-regolith systemd[1]: Starting LSB: Agent daemon for Spice guests...
Nov  1 13:39:36 manugil-regolith systemd[1]: Starting Switcheroo Control Proxy service...
Nov  1 13:39:36 manugil-regolith systemd[1]: Starting Resets System Activity Data Collector...
Nov  1 13:39:36 manugil-regolith systemd[1]: Starting Login Service...
Nov  1 13:39:36 manugil-regolith systemd[1]: Starting Thermal Daemon Service...
Nov  1 13:39:36 manugil-regolith systemd[1]: Starting Disk Manager...
Nov  1 13:39:36 manugil-regolith systemd[1]: Starting WPA supplicant...
Nov  1 13:39:36 manugil-regolith systemd[1]: anacron.service: Succeeded.
Nov  1 13:39:36 manugil-regolith systemd[1]: Started NVIDIA Persistence Daemon.
Nov  1 13:39:36 manugil-regolith systemd[1]: pppd-dns.service: Succeeded.
Nov  1 13:39:36 manugil-regolith systemd[1]: Finished Restore /etc/resolv.conf if the system crashed before the ppp link was shut down.
Nov  1 13:39:36 manugil-regolith sensors[826]: coretemp-isa-0000
Nov  1 13:39:36 manugil-regolith sensors[826]: Adapter: ISA adapter
Nov  1 13:39:36 manugil-regolith sensors[826]: Package id 0:  +51.0°C  (high = +80.0°C, crit = +100.0°C)
Nov  1 13:39:36 manugil-regolith sensors[826]: Core 0:        +46.0°C  (high = +80.0°C, crit = +100.0°C)
Nov  1 13:39:36 manugil-regolith sensors[826]: Core 1:        +48.0°C  (high = +80.0°C, crit = +100.0°C)
Nov  1 13:39:36 manugil-regolith sensors[826]: Core 2:        +50.0°C  (high = +80.0°C, crit = +100.0°C)
Nov  1 13:39:36 manugil-regolith sensors[826]: Core 3:        +51.0°C  (high = +80.0°C, crit = +100.0°C)
Nov  1 13:39:36 manugil-regolith sensors[826]: acpitz-acpi-0
Nov  1 13:39:36 manugil-regolith sensors[826]: Adapter: ACPI interface
Nov  1 13:39:36 manugil-regolith sensors[826]: temp1:        +27.8°C  (crit = +119.0°C)
Nov  1 13:39:36 manugil-regolith sensors[826]: temp2:        +29.8°C  (crit = +119.0°C)
Nov  1 13:39:36 manugil-regolith sensors[826]: iwlwifi_1-virtual-0
Nov  1 13:39:36 manugil-regolith sensors[826]: Adapter: Virtual device
Nov  1 13:39:36 manugil-regolith sensors[826]: temp1:            N/A
Nov  1 13:39:36 manugil-regolith systemd[1]: Finished Resets System Activity Data Collector.
Nov  1 13:39:36 manugil-regolith systemd[1]: Finished Initialize hardware monitoring sensors.
Nov  1 13:39:36 manugil-regolith avahi-daemon[770]: Successfully dropped root privileges.
Nov  1 13:39:36 manugil-regolith avahi-daemon[770]: avahi-daemon 0.7 starting up.
Nov  1 13:39:36 manugil-regolith systemd[1]: e2scrub_reap.service: Succeeded.
Nov  1 13:39:36 manugil-regolith systemd[1]: Finished Remove Stale Online ext4 Metadata Check Snapshots.
Nov  1 13:39:36 manugil-regolith kernel: [    0.000000] microcode: microcode updated early to revision 0xd6, date = 2020-04-23
Nov  1 13:39:36 manugil-regolith kernel: [    0.000000] Linux version 5.4.0-52-generic (buildd@lgw01-amd64-060) (gcc version 9.3.0 (Ubuntu 9.3.0-17ubuntu1~20.04)) #57-Ubuntu SMP Thu Oct 15 10:57:00 UTC 2020 (Ubuntu 5.4.0-52.57-generic 5.4.65)
Nov  1 13:39:36 manugil-regolith kernel: [    0.000000] Command line: BOOT_IMAGE=/boot/vmlinuz-5.4.0-52-generic root=UUID=09d68a01-a1c5-49e9-8ba2-56432e4e2361 ro quiet splash vt.handoff=7
Nov  1 13:39:36 manugil-regolith kernel: [    0.000000] KERNEL supported cpus:
Nov  1 13:39:36 manugil-regolith kernel: [    0.000000]   Intel GenuineIntel
Nov  1 13:39:36 manugil-regolith kernel: [    0.000000]   AMD AuthenticAMD
Nov  1 13:39:36 manugil-regolith kernel: [    0.000000]   Hygon HygonGenuine
Nov  1 13:39:36 manugil-regolith kernel: [    0.000000]   Centaur CentaurHauls
Nov  1 13:39:36 manugil-regolith kernel: [    0.000000]   zhaoxin   Shanghai  
Nov  1 13:39:36 manugil-regolith kernel: [    0.000000] x86/fpu: Supporting XSAVE feature 0x001: 'x87 floating point registers'
Nov  1 13:39:36 manugil-regolith kernel: [    0.000000] x86/fpu: Supporting XSAVE feature 0x002: 'SSE registers'
Nov  1 13:39:36 manugil-regolith kernel: [    0.000000] x86/fpu: Supporting XSAVE feature 0x004: 'AVX registers'
Nov  1 13:39:36 manugil-regolith kernel: [    0.000000] x86/fpu: Supporting XSAVE feature 0x008: 'MPX bounds registers'
Nov  1 13:39:36 manugil-regolith kernel: [    0.000000] x86/fpu: Supporting XSAVE feature 0x010: 'MPX CSR'
Nov  1 13:39:36 manugil-regolith kernel: [    0.000000] x86/fpu: xstate_offset[2]:  576, xstate_sizes[2]:  256
Nov  1 13:39:36 manugil-regolith kernel: [    0.000000] x86/fpu: xstate_offset[3]:  832, xstate_sizes[3]:   64
Nov  1 13:39:36 manugil-regolith kernel: [    0.000000] x86/fpu: xstate_offset[4]:  896, xstate_sizes[4]:   64
Nov  1 13:39:36 manugil-regolith kernel: [    0.000000] x86/fpu: Enabled xstate features 0x1f, context size is 960 bytes, using 'compacted' format.
Nov  1 13:39:36 manugil-regolith kernel: [    0.000000] BIOS-provided physical RAM map:
Nov  1 13:39:36 manugil-regolith kernel: [    0.000000] BIOS-e820: [mem 0x0000000000000000-0x0000000000057fff] usable
Nov  1 13:39:36 manugil-regolith kernel: [    0.000000] BIOS-e820: [mem 0x0000000000058000-0x0000000000058fff] reserved
Nov  1 13:39:36 manugil-regolith kernel: [    0.000000] BIOS-e820: [mem 0x0000000000059000-0x000000000009efff] usable
Nov  1 13:39:36 manugil-regolith kernel: [    0.000000] BIOS-e820: [mem 0x000000000009f000-0x00000000000fffff] reserved
Nov  1 13:39:36 manugil-regolith kernel: [    0.000000] BIOS-e820: [mem 0x0000000000100000-0x00000000b1428fff] usable
Nov  1 13:39:36 manugil-regolith kernel: [    0.000000] BIOS-e820: [mem 0x00000000b1429000-0x00000000b1429fff] ACPI NVS
Nov  1 13:39:36 manugil-regolith kernel: [    0.000000] BIOS-e820: [mem 0x00000000b142a000-0x00000000b142afff] reserved
Nov  1 13:39:36 manugil-regolith kernel: [    0.000000] BIOS-e820: [mem 0x00000000b142b000-0x00000000b9ac5fff] usable
Nov  1 13:39:36 manugil-regolith kernel: [    0.000000] BIOS-e820: [mem 0x00000000b9ac6000-0x00000000b9e91fff] reserved
Nov  1 13:39:36 manugil-regolith kernel: [    0.000000] BIOS-e820: [mem 0x00000000b9e92000-0x00000000ba212fff] usable
Nov  1 13:39:36 manugil-regolith kernel: [    0.000000] BIOS-e820: [mem 0x00000000ba213000-0x00000000ba8befff] ACPI NVS
Nov  1 13:39:36 manugil-regolith kernel: [    0.000000] BIOS-e820: [mem 0x00000000ba8bf000-0x00000000baffefff] reserved
Nov  1 13:39:36 manugil-regolith kernel: [    0.000000] BIOS-e820: [mem 0x00000000bafff000-0x00000000baffffff] usable
Nov  1 13:39:36 manugil-regolith kernel: [    0.000000] BIOS-e820: [mem 0x00000000bb000000-0x00000000bfffffff] reserved
Nov  1 13:39:36 manugil-regolith kernel: [    0.000000] BIOS-e820: [mem 0x00000000f8000000-0x00000000fbffffff] reserved
Nov  1 13:39:36 manugil-regolith kernel: [    0.000000] BIOS-e820: [mem 0x00000000fe000000-0x00000000fe010fff] reserved
Nov  1 13:39:36 manugil-regolith kernel: [    0.000000] BIOS-e820: [mem 0x00000000fec00000-0x00000000fec00fff] reserved
Nov  1 13:39:36 manugil-regolith kernel: [    0.000000] BIOS-e820: [mem 0x00000000fed00000-0x00000000fed00fff] reserved
Nov  1 13:39:36 manugil-regolith kernel: [    0.000000] BIOS-e820: [mem 0x00000000fee00000-0x00000000fee00fff] reserved
Nov  1 13:39:36 manugil-regolith kernel: [    0.000000] BIOS-e820: [mem 0x00000000ff000000-0x00000000ffffffff] reserved
Nov  1 13:39:36 manugil-regolith kernel: [    0.000000] BIOS-e820: [mem 0x0000000100000000-0x000000043effffff] usable
Nov  1 13:39:36 manugil-regolith kernel: [    0.000000] NX (Execute Disable) protection: active
Nov  1 13:39:36 manugil-regolith kernel: [    0.000000] e820: update [mem 0xaf7c6018-0xaf7e5a57] usable ==> usable
Nov  1 13:39:36 manugil-regolith kernel: [    0.000000] e820: update [mem 0xaf7c6018-0xaf7e5a57] usable ==> usable
Nov  1 13:39:36 manugil-regolith kernel: [    0.000000] e820: update [mem 0xaf7b5018-0xaf7c5057] usable ==> usable
Nov  1 13:39:36 manugil-regolith kernel: [    0.000000] e820: update [mem 0xaf7b5018-0xaf7c5057] usable ==> usable
Nov  1 13:39:36 manugil-regolith kernel: [    0.000000] e820: update [mem 0xaf7a3018-0xaf7b4057] usable ==> usable
Nov  1 13:39:36 manugil-regolith kernel: [    0.000000] e820: update [mem 0xaf7a3018-0xaf7b4057] usable ==> usable
Nov  1 13:39:36 manugil-regolith kernel: [    0.000000] e820: update [mem 0xaf792018-0xaf7a2e57] usable ==> usable
Nov  1 13:39:36 manugil-regolith kernel: [    0.000000] e820: update [mem 0xaf792018-0xaf7a2e57] usable ==> usable
Nov  1 13:39:36 manugil-regolith kernel: [    0.000000] extended physical RAM map:
Nov  1 13:39:36 manugil-regolith kernel: [    0.000000] reserve setup_data: [mem 0x0000000000000000-0x0000000000057fff] usable
Nov  1 13:39:36 manugil-regolith kernel: [    0.000000] reserve setup_data: [mem 0x0000000000058000-0x0000000000058fff] reserved
Nov  1 13:39:36 manugil-regolith kernel: [    0.000000] reserve setup_data: [mem 0x0000000000059000-0x000000000009efff] usable
Nov  1 13:39:36 manugil-regolith kernel: [    0.000000] reserve setup_data: [mem 0x000000000009f000-0x00000000000fffff] reserved
Nov  1 13:39:36 manugil-regolith kernel: [    0.000000] reserve setup_data: [mem 0x0000000000100000-0x00000000af792017] usable
Nov  1 13:39:36 manugil-regolith kernel: [    0.000000] reserve setup_data: [mem 0x00000000af792018-0x00000000af7a2e57] usable
Nov  1 13:39:36 manugil-regolith kernel: [    0.000000] reserve setup_data: [mem 0x00000000af7a2e58-0x00000000af7a3017] usable
Nov  1 13:39:36 manugil-regolith kernel: [    0.000000] reserve setup_data: [mem 0x00000000af7a3018-0x00000000af7b4057] usable
Nov  1 13:39:36 manugil-regolith kernel: [    0.000000] reserve setup_data: [mem 0x00000000af7b4058-0x00000000af7b5017] usable
Nov  1 13:39:36 manugil-regolith kernel: [    0.000000] reserve setup_data: [mem 0x00000000af7b5018-0x00000000af7c5057] usable
Nov  1 13:39:36 manugil-regolith kernel: [    0.000000] reserve setup_data: [mem 0x00000000af7c5058-0x00000000af7c6017] usable
Nov  1 13:39:36 manugil-regolith kernel: [    0.000000] reserve setup_data: [mem 0x00000000af7c6018-0x00000000af7e5a57] usable
Nov  1 13:39:36 manugil-regolith kernel: [    0.000000] reserve setup_data: [mem 0x00000000af7e5a58-0x00000000b1428fff] usable
Nov  1 13:39:36 manugil-regolith kernel: [    0.000000] reserve setup_data: [mem 0x00000000b1429000-0x00000000b1429fff] ACPI NVS
Nov  1 13:39:36 manugil-regolith kernel: [    0.000000] reserve setup_data: [mem 0x00000000b142a000-0x00000000b142afff] reserved
Nov  1 13:39:36 manugil-regolith kernel: [    0.000000] reserve setup_data: [mem 0x00000000b142b000-0x00000000b9ac5fff] usable
Nov  1 13:39:36 manugil-regolith kernel: [    0.000000] reserve setup_data: [mem 0x00000000b9ac6000-0x00000000b9e91fff] reserved
Nov  1 13:39:36 manugil-regolith kernel: [    0.000000] reserve setup_data: [mem 0x00000000b9e92000-0x00000000ba212fff] usable
Nov  1 13:39:36 manugil-regolith kernel: [    0.000000] reserve setup_data: [mem 0x00000000ba213000-0x00000000ba8befff] ACPI NVS
Nov  1 13:39:36 manugil-regolith kernel: [    0.000000] reserve setup_data: [mem 0x00000000ba8bf000-0x00000000baffefff] reserved
Nov  1 13:39:36 manugil-regolith kernel: [    0.000000] reserve setup_data: [mem 0x00000000bafff000-0x00000000baffffff] usable
Nov  1 13:39:36 manugil-regolith kernel: [    0.000000] reserve setup_data: [mem 0x00000000bb000000-0x00000000bfffffff] reserved
Nov  1 13:39:36 manugil-regolith kernel: [    0.000000] reserve setup_data: [mem 0x00000000f8000000-0x00000000fbffffff] reserved
Nov  1 13:39:36 manugil-regolith kernel: [    0.000000] reserve setup_data: [mem 0x00000000fe000000-0x00000000fe010fff] reserved
Nov  1 13:39:36 manugil-regolith kernel: [    0.000000] reserve setup_data: [mem 0x00000000fec00000-0x00000000fec00fff] reserved
Nov  1 13:39:36 manugil-regolith kernel: [    0.000000] reserve setup_data: [mem 0x00000000fed00000-0x00000000fed00fff] reserved
Nov  1 13:39:36 manugil-regolith kernel: [    0.000000] reserve setup_data: [mem 0x00000000fee00000-0x00000000fee00fff] reserved
Nov  1 13:39:36 manugil-regolith kernel: [    0.000000] reserve setup_data: [mem 0x00000000ff000000-0x00000000ffffffff] reserved
Nov  1 13:39:36 manugil-regolith kernel: [    0.000000] reserve setup_data: [mem 0x0000000100000000-0x000000043effffff] usable
Nov  1 13:39:36 manugil-regolith kernel: [    0.000000] efi: EFI v2.50 by American Megatrends
Nov  1 13:39:36 manugil-regolith kernel: [    0.000000] efi:  ACPI 2.0=0xba513000  ACPI=0xba513000  SMBIOS=0xbaecd000  SMBIOS 3.0=0xbaecc000  MPS=0xfca20  ESRT=0xb84a4458 
Nov  1 13:39:36 manugil-regolith kernel: [    0.000000] secureboot: Secure boot disabled
Nov  1 13:39:36 manugil-regolith kernel: [    0.000000] SMBIOS 3.0.0 present.
Nov  1 13:39:36 manugil-regolith kernel: [    0.000000] DMI: Gigabyte Technology Co., Ltd. Z270N-WIFI/Z270N-WIFI-CF, BIOS F5 07/06/2017
Nov  1 13:39:36 manugil-regolith kernel: [    0.000000] tsc: Detected 4200.000 MHz processor
Nov  1 13:39:36 manugil-regolith kernel: [    0.000970] e820: update [mem 0x00000000-0x00000fff] usable ==> reserved
Nov  1 13:39:36 manugil-regolith kernel: [    0.000970] e820: remove [mem 0x000a0000-0x000fffff] usable
Nov  1 13:39:36 manugil-regolith kernel: [    0.000975] last_pfn = 0x43f000 max_arch_pfn = 0x400000000
Nov  1 13:39:36 manugil-regolith kernel: [    0.000977] MTRR default type: write-back
Nov  1 13:39:36 manugil-regolith kernel: [    0.000977] MTRR fixed ranges enabled:
Nov  1 13:39:36 manugil-regolith kernel: [    0.000978]   00000-9FFFF write-back
Nov  1 13:39:36 manugil-regolith kernel: [    0.000979]   A0000-BFFFF uncachable
Nov  1 13:39:36 manugil-regolith kernel: [    0.000979]   C0000-FFFFF write-protect
Nov  1 13:39:36 manugil-regolith kernel: [    0.000979] MTRR variable ranges enabled:
Nov  1 13:39:36 manugil-regolith kernel: [    0.000980]   0 base 00C0000000 mask 7FC0000000 uncachable
Nov  1 13:39:36 manugil-regolith kernel: [    0.000981]   1 base 00BC000000 mask 7FFC000000 uncachable
Nov  1 13:39:36 manugil-regolith kernel: [    0.000981]   2 base 00BB800000 mask 7FFF800000 uncachable
Nov  1 13:39:36 manugil-regolith kernel: [    0.000981]   3 disabled
Nov  1 13:39:36 manugil-regolith kernel: [    0.000982]   4 disabled
Nov  1 13:39:36 manugil-regolith kernel: [    0.000982]   5 disabled
Nov  1 13:39:36 manugil-regolith kernel: [    0.000982]   6 disabled
Nov  1 13:39:36 manugil-regolith kernel: [    0.000982]   7 disabled
Nov  1 13:39:36 manugil-regolith kernel: [    0.000982]   8 disabled
Nov  1 13:39:36 manugil-regolith kernel: [    0.000983]   9 disabled
Nov  1 13:39:36 manugil-regolith kernel: [    0.001317] x86/PAT: Configuration [0-7]: WB  WC  UC- UC  WB  WP  UC- WT  
Nov  1 13:39:36 manugil-regolith kernel: [    0.001444] last_pfn = 0xbb000 max_arch_pfn = 0x400000000
Nov  1 13:39:36 manugil-regolith kernel: [    0.005900] found SMP MP-table at [mem 0x000fcd10-0x000fcd1f]
Nov  1 13:39:36 manugil-regolith kernel: [    0.005907] esrt: Reserving ESRT space from 0x00000000b84a4458 to 0x00000000b84a4490.
Nov  1 13:39:36 manugil-regolith kernel: [    0.005910] e820: update [mem 0xb84a4000-0xb84a4fff] usable ==> reserved
Nov  1 13:39:36 manugil-regolith kernel: [    0.005918] check: Scanning 1 areas for low memory corruption
Nov  1 13:39:36 manugil-regolith kernel: [    0.005920] Using GB pages for direct mapping
Nov  1 13:39:36 manugil-regolith kernel: [    0.006249] secureboot: Secure boot disabled
Nov  1 13:39:36 manugil-regolith kernel: [    0.006250] RAMDISK: [mem 0x3d0bb000-0x3fffdfff]
Nov  1 13:39:36 manugil-regolith kernel: [    0.006255] ACPI: Early table checksum verification disabled
Nov  1 13:39:36 manugil-regolith kernel: [    0.006257] ACPI: RSDP 0x00000000BA513000 000024 (v02 ALASKA)
Nov  1 13:39:36 manugil-regolith kernel: [    0.006259] ACPI: XSDT 0x00000000BA5130A0 0000C4 (v01 ALASKA A M I    01072009 AMI  00010013)
Nov  1 13:39:36 manugil-regolith kernel: [    0.006262] ACPI: FACP 0x00000000BA539A30 000114 (v06 ALASKA A M I    01072009 AMI  00010013)
Nov  1 13:39:36 manugil-regolith kernel: [    0.006265] ACPI: DSDT 0x00000000BA513200 02682D (v02 ALASKA A M I    01072009 INTL 20160422)
Nov  1 13:39:36 manugil-regolith kernel: [    0.006266] ACPI: FACS 0x00000000BA8BEC40 000040
Nov  1 13:39:36 manugil-regolith kernel: [    0.006268] ACPI: APIC 0x00000000BA539B48 0000BC (v03 ALASKA A M I    01072009 AMI  00010013)
Nov  1 13:39:36 manugil-regolith kernel: [    0.006269] ACPI: FPDT 0x00000000BA539C08 000044 (v01 ALASKA A M I    01072009 AMI  00010013)
Nov  1 13:39:36 manugil-regolith kernel: [    0.006270] ACPI: MCFG 0x00000000BA539C50 00003C (v01 ALASKA A M I    01072009 MSFT 00000097)
Nov  1 13:39:36 manugil-regolith kernel: [    0.006272] ACPI: SSDT 0x00000000BA539C90 0003BC (v01 SataRe SataTabl 00001000 INTL 20160422)
Nov  1 13:39:36 manugil-regolith kernel: [    0.006273] ACPI: FIDT 0x00000000BA53A050 00009C (v01 ALASKA A M I    01072009 AMI  00010013)
Nov  1 13:39:36 manugil-regolith kernel: [    0.006275] ACPI: SSDT 0x00000000BA53A0F0 003159 (v02 SaSsdt SaSsdt   00003000 INTL 20160422)
Nov  1 13:39:36 manugil-regolith kernel: [    0.006276] ACPI: SSDT 0x00000000BA53D250 00255F (v02 PegSsd PegSsdt  00001000 INTL 20160422)
Nov  1 13:39:36 manugil-regolith kernel: [    0.006277] ACPI: HPET 0x00000000BA53F7B0 000038 (v01 INTEL  KBL      00000001 MSFT 0000005F)
Nov  1 13:39:36 manugil-regolith kernel: [    0.006279] ACPI: SSDT 0x00000000BA53F7E8 000DE5 (v02 INTEL  Ther_Rvp 00001000 INTL 20160422)
Nov  1 13:39:36 manugil-regolith kernel: [    0.006280] ACPI: SSDT 0x00000000BA5405D0 002AD7 (v02 INTEL  xh_rvp10 00000000 INTL 20160422)
Nov  1 13:39:36 manugil-regolith kernel: [    0.006282] ACPI: UEFI 0x00000000BA5430A8 000042 (v01 INTEL  EDK2     00000002      01000013)
Nov  1 13:39:36 manugil-regolith kernel: [    0.006283] ACPI: SSDT 0x00000000BA5430F0 000EDE (v02 CpuRef CpuSsdt  00003000 INTL 20160422)
Nov  1 13:39:36 manugil-regolith kernel: [    0.006284] ACPI: LPIT 0x00000000BA543FD0 000094 (v01 INTEL  KBL      00000000 MSFT 0000005F)
Nov  1 13:39:36 manugil-regolith kernel: [    0.006286] ACPI: WSMT 0x00000000BA544068 000028 (v01 INTEL  KBL      00000000 MSFT 0000005F)
Nov  1 13:39:36 manugil-regolith kernel: [    0.006287] ACPI: SSDT 0x00000000BA544090 00029F (v02 INTEL  sensrhub 00000000 INTL 20160422)
Nov  1 13:39:36 manugil-regolith kernel: [    0.006288] ACPI: SSDT 0x00000000BA544330 003002 (v02 INTEL  PtidDevc 00001000 INTL 20160422)
Nov  1 13:39:36 manugil-regolith kernel: [    0.006290] ACPI: DBGP 0x00000000BA547338 000034 (v01 INTEL           00000002 MSFT 0000005F)
Nov  1 13:39:36 manugil-regolith kernel: [    0.006291] ACPI: DBG2 0x00000000BA547370 000054 (v00 INTEL           00000002 MSFT 0000005F)
Nov  1 13:39:36 manugil-regolith kernel: [    0.006293] ACPI: DMAR 0x00000000BA5473C8 0000A8 (v01 INTEL  KBL      00000001 INTL 00000001)
Nov  1 13:39:36 manugil-regolith kernel: [    0.006298] ACPI: Local APIC address 0xfee00000
Nov  1 13:39:36 manugil-regolith kernel: [    0.006499] No NUMA configuration found
Nov  1 13:39:36 manugil-regolith kernel: [    0.006499] Faking a node at [mem 0x0000000000000000-0x000000043effffff]
Nov  1 13:39:36 manugil-regolith kernel: [    0.006505] NODE_DATA(0) allocated [mem 0x43efd5000-0x43effffff]
Nov  1 13:39:36 manugil-regolith kernel: [    0.006644] Zone ranges:
Nov  1 13:39:36 manugil-regolith kernel: [    0.006644]   DMA      [mem 0x0000000000001000-0x0000000000ffffff]
Nov  1 13:39:36 manugil-regolith kernel: [    0.006645]   DMA32    [mem 0x0000000001000000-0x00000000ffffffff]
Nov  1 13:39:36 manugil-regolith kernel: [    0.006645]   Normal   [mem 0x0000000100000000-0x000000043effffff]
Nov  1 13:39:36 manugil-regolith kernel: [    0.006646]   Device   empty
Nov  1 13:39:36 manugil-regolith kernel: [    0.006646] Movable zone start for each node
Nov  1 13:39:36 manugil-regolith kernel: [    0.006648] Early memory node ranges
Nov  1 13:39:36 manugil-regolith kernel: [    0.006649]   node   0: [mem 0x0000000000001000-0x0000000000057fff]
Nov  1 13:39:36 manugil-regolith kernel: [    0.006649]   node   0: [mem 0x0000000000059000-0x000000000009efff]
Nov  1 13:39:36 manugil-regolith kernel: [    0.006649]   node   0: [mem 0x0000000000100000-0x00000000b1428fff]
Nov  1 13:39:36 manugil-regolith kernel: [    0.006650]   node   0: [mem 0x00000000b142b000-0x00000000b9ac5fff]
Nov  1 13:39:36 manugil-regolith kernel: [    0.006650]   node   0: [mem 0x00000000b9e92000-0x00000000ba212fff]
Nov  1 13:39:36 manugil-regolith kernel: [    0.006651]   node   0: [mem 0x00000000bafff000-0x00000000baffffff]
Nov  1 13:39:36 manugil-regolith kernel: [    0.006651]   node   0: [mem 0x0000000100000000-0x000000043effffff]
Nov  1 13:39:36 manugil-regolith kernel: [    0.006772] Zeroed struct page in unavailable ranges: 29213 pages
Nov  1 13:39:36 manugil-regolith kernel: [    0.006773] Initmem setup node 0 [mem 0x0000000000001000-0x000000043effffff]
Nov  1 13:39:36 manugil-regolith kernel: [    0.006774] On node 0 totalpages: 4165091
Nov  1 13:39:36 manugil-regolith kernel: [    0.006774]   DMA zone: 64 pages used for memmap
Nov  1 13:39:36 manugil-regolith kernel: [    0.006774]   DMA zone: 26 pages reserved
Nov  1 13:39:36 manugil-regolith kernel: [    0.006775]   DMA zone: 3997 pages, LIFO batch:0
Nov  1 13:39:36 manugil-regolith kernel: [    0.006799]   DMA32 zone: 11834 pages used for memmap
Nov  1 13:39:36 manugil-regolith kernel: [    0.006799]   DMA32 zone: 757318 pages, LIFO batch:63
Nov  1 13:39:36 manugil-regolith kernel: [    0.012063]   Normal zone: 53184 pages used for memmap
Nov  1 13:39:36 manugil-regolith kernel: [    0.012063]   Normal zone: 3403776 pages, LIFO batch:63
Nov  1 13:39:36 manugil-regolith kernel: [    0.031738] ACPI: PM-Timer IO Port: 0x1808
Nov  1 13:39:36 manugil-regolith kernel: [    0.031739] ACPI: Local APIC address 0xfee00000
Nov  1 13:39:36 manugil-regolith kernel: [    0.031743] ACPI: LAPIC_NMI (acpi_id[0x01] high edge lint[0x1])
Nov  1 13:39:36 manugil-regolith kernel: [    0.031743] ACPI: LAPIC_NMI (acpi_id[0x02] high edge lint[0x1])
Nov  1 13:39:36 manugil-regolith kernel: [    0.031744] ACPI: LAPIC_NMI (acpi_id[0x03] high edge lint[0x1])
Nov  1 13:39:36 manugil-regolith kernel: [    0.031744] ACPI: LAPIC_NMI (acpi_id[0x04] high edge lint[0x1])
Nov  1 13:39:36 manugil-regolith kernel: [    0.031744] ACPI: LAPIC_NMI (acpi_id[0x05] high edge lint[0x1])
Nov  1 13:39:36 manugil-regolith kernel: [    0.031745] ACPI: LAPIC_NMI (acpi_id[0x06] high edge lint[0x1])
Nov  1 13:39:36 manugil-regolith kernel: [    0.031745] ACPI: LAPIC_NMI (acpi_id[0x07] high edge lint[0x1])
Nov  1 13:39:36 manugil-regolith kernel: [    0.031745] ACPI: LAPIC_NMI (acpi_id[0x08] high edge lint[0x1])
Nov  1 13:39:36 manugil-regolith kernel: [    0.031771] IOAPIC[0]: apic_id 2, version 32, address 0xfec00000, GSI 0-119
Nov  1 13:39:36 manugil-regolith kernel: [    0.031772] ACPI: INT_SRC_OVR (bus 0 bus_irq 0 global_irq 2 dfl dfl)
Nov  1 13:39:36 manugil-regolith kernel: [    0.031773] ACPI: INT_SRC_OVR (bus 0 bus_irq 9 global_irq 9 high level)
Nov  1 13:39:36 manugil-regolith kernel: [    0.031773] ACPI: IRQ0 used by override.
Nov  1 13:39:36 manugil-regolith kernel: [    0.031774] ACPI: IRQ9 used by override.
Nov  1 13:39:36 manugil-regolith kernel: [    0.031775] Using ACPI (MADT) for SMP configuration information
Nov  1 13:39:36 manugil-regolith kernel: [    0.031775] ACPI: HPET id: 0x8086a201 base: 0xfed00000
Nov  1 13:39:36 manugil-regolith kernel: [    0.031777] TSC deadline timer available
Nov  1 13:39:36 manugil-regolith kernel: [    0.031778] smpboot: Allowing 8 CPUs, 0 hotplug CPUs
Nov  1 13:39:36 manugil-regolith kernel: [    0.031789] PM: Registered nosave memory: [mem 0x00000000-0x00000fff]
Nov  1 13:39:36 manugil-regolith kernel: [    0.031789] PM: Registered nosave memory: [mem 0x00058000-0x00058fff]
Nov  1 13:39:36 manugil-regolith kernel: [    0.031790] PM: Registered nosave memory: [mem 0x0009f000-0x000fffff]
Nov  1 13:39:36 manugil-regolith kernel: [    0.031791] PM: Registered nosave memory: [mem 0xaf792000-0xaf792fff]
Nov  1 13:39:36 manugil-regolith kernel: [    0.031792] PM: Registered nosave memory: [mem 0xaf7a2000-0xaf7a2fff]
Nov  1 13:39:36 manugil-regolith kernel: [    0.031792] PM: Registered nosave memory: [mem 0xaf7a3000-0xaf7a3fff]
Nov  1 13:39:36 manugil-regolith kernel: [    0.031793] PM: Registered nosave memory: [mem 0xaf7b4000-0xaf7b4fff]
Nov  1 13:39:36 manugil-regolith kernel: [    0.031793] PM: Registered nosave memory: [mem 0xaf7b5000-0xaf7b5fff]
Nov  1 13:39:36 manugil-regolith kernel: [    0.031794] PM: Registered nosave memory: [mem 0xaf7c5000-0xaf7c5fff]
Nov  1 13:39:36 manugil-regolith kernel: [    0.031794] PM: Registered nosave memory: [mem 0xaf7c6000-0xaf7c6fff]
Nov  1 13:39:36 manugil-regolith kernel: [    0.031795] PM: Registered nosave memory: [mem 0xaf7e5000-0xaf7e5fff]
Nov  1 13:39:36 manugil-regolith kernel: [    0.031796] PM: Registered nosave memory: [mem 0xb1429000-0xb1429fff]
Nov  1 13:39:36 manugil-regolith kernel: [    0.031796] PM: Registered nosave memory: [mem 0xb142a000-0xb142afff]
Nov  1 13:39:36 manugil-regolith kernel: [    0.031797] PM: Registered nosave memory: [mem 0xb84a4000-0xb84a4fff]
Nov  1 13:39:36 manugil-regolith kernel: [    0.031798] PM: Registered nosave memory: [mem 0xb9ac6000-0xb9e91fff]
Nov  1 13:39:36 manugil-regolith kernel: [    0.031799] PM: Registered nosave memory: [mem 0xba213000-0xba8befff]
Nov  1 13:39:36 manugil-regolith kernel: [    0.031799] PM: Registered nosave memory: [mem 0xba8bf000-0xbaffefff]
Nov  1 13:39:36 manugil-regolith kernel: [    0.031800] PM: Registered nosave memory: [mem 0xbb000000-0xbfffffff]
Nov  1 13:39:36 manugil-regolith kernel: [    0.031800] PM: Registered nosave memory: [mem 0xc0000000-0xf7ffffff]
Nov  1 13:39:36 manugil-regolith kernel: [    0.031800] PM: Registered nosave memory: [mem 0xf8000000-0xfbffffff]
Nov  1 13:39:36 manugil-regolith kernel: [    0.031801] PM: Registered nosave memory: [mem 0xfc000000-0xfdffffff]
Nov  1 13:39:36 manugil-regolith kernel: [    0.031801] PM: Registered nosave memory: [mem 0xfe000000-0xfe010fff]
Nov  1 13:39:36 manugil-regolith kernel: [    0.031801] PM: Registered nosave memory: [mem 0xfe011000-0xfebfffff]
Nov  1 13:39:36 manugil-regolith kernel: [    0.031802] PM: Registered nosave memory: [mem 0xfec00000-0xfec00fff]
Nov  1 13:39:36 manugil-regolith kernel: [    0.031802] PM: Registered nosave memory: [mem 0xfec01000-0xfecfffff]
Nov  1 13:39:36 manugil-regolith kernel: [    0.031802] PM: Registered nosave memory: [mem 0xfed00000-0xfed00fff]
Nov  1 13:39:36 manugil-regolith kernel: [    0.031802] PM: Registered nosave memory: [mem 0xfed01000-0xfedfffff]
Nov  1 13:39:36 manugil-regolith kernel: [    0.031803] PM: Registered nosave memory: [mem 0xfee00000-0xfee00fff]
Nov  1 13:39:36 manugil-regolith kernel: [    0.031803] PM: Registered nosave memory: [mem 0xfee01000-0xfeffffff]
Nov  1 13:39:36 manugil-regolith kernel: [    0.031803] PM: Registered nosave memory: [mem 0xff000000-0xffffffff]
Nov  1 13:39:36 manugil-regolith kernel: [    0.031804] [mem 0xc0000000-0xf7ffffff] available for PCI devices
Nov  1 13:39:36 manugil-regolith kernel: [    0.031805] Booting paravirtualized kernel on bare hardware
Nov  1 13:39:36 manugil-regolith kernel: [    0.031807] clocksource: refined-jiffies: mask: 0xffffffff max_cycles: 0xffffffff, max_idle_ns: 7645519600211568 ns
Nov  1 13:39:36 manugil-regolith kernel: [    0.031810] setup_percpu: NR_CPUS:8192 nr_cpumask_bits:8 nr_cpu_ids:8 nr_node_ids:1
Nov  1 13:39:36 manugil-regolith kernel: [    0.031920] percpu: Embedded 54 pages/cpu s184320 r8192 d28672 u262144
Nov  1 13:39:36 manugil-regolith kernel: [    0.031924] pcpu-alloc: s184320 r8192 d28672 u262144 alloc=1*2097152
Nov  1 13:39:36 manugil-regolith kernel: [    0.031924] pcpu-alloc: [0] 0 1 2 3 4 5 6 7 
Nov  1 13:39:36 manugil-regolith kernel: [    0.031940] Built 1 zonelists, mobility grouping on.  Total pages: 4099983
Nov  1 13:39:36 manugil-regolith kernel: [    0.031940] Policy zone: Normal
Nov  1 13:39:36 manugil-regolith kernel: [    0.031941] Kernel command line: BOOT_IMAGE=/boot/vmlinuz-5.4.0-52-generic root=UUID=09d68a01-a1c5-49e9-8ba2-56432e4e2361 ro quiet splash vt.handoff=7
Nov  1 13:39:36 manugil-regolith kernel: [    0.032500] Dentry cache hash table entries: 2097152 (order: 12, 16777216 bytes, linear)
Nov  1 13:39:36 manugil-regolith kernel: [    0.032765] Inode-cache hash table entries: 1048576 (order: 11, 8388608 bytes, linear)
Nov  1 13:39:36 manugil-regolith kernel: [    0.032809] mem auto-init: stack:off, heap alloc:on, heap free:off
Nov  1 13:39:36 manugil-regolith kernel: [    0.034960] Calgary: detecting Calgary via BIOS EBDA area
Nov  1 13:39:36 manugil-regolith kernel: [    0.034962] Calgary: Unable to locate Rio Grande table in EBDA - bailing!
Nov  1 13:39:36 manugil-regolith kernel: [    0.060189] Memory: 16063128K/16660364K available (14339K kernel code, 2398K rwdata, 4956K rodata, 2716K init, 4988K bss, 597236K reserved, 0K cma-reserved)
Nov  1 13:39:36 manugil-regolith kernel: [    0.060194] random: get_random_u64 called from kmem_cache_open+0x2d/0x410 with crng_init=0
Nov  1 13:39:36 manugil-regolith kernel: [    0.060279] SLUB: HWalign=64, Order=0-3, MinObjects=0, CPUs=8, Nodes=1
Nov  1 13:39:36 manugil-regolith kernel: [    0.060288] Kernel/User page tables isolation: enabled
Nov  1 13:39:36 manugil-regolith kernel: [    0.060296] ftrace: allocating 44527 entries in 174 pages
Nov  1 13:39:36 manugil-regolith kernel: [    0.070182] rcu: Hierarchical RCU implementation.
Nov  1 13:39:36 manugil-regolith kernel: [    0.070183] rcu: 	RCU restricting CPUs from NR_CPUS=8192 to nr_cpu_ids=8.
Nov  1 13:39:36 manugil-regolith kernel: [    0.070184] 	Tasks RCU enabled.
Nov  1 13:39:36 manugil-regolith kernel: [    0.070184] rcu: RCU calculated value of scheduler-enlistment delay is 25 jiffies.
Nov  1 13:39:36 manugil-regolith kernel: [    0.070184] rcu: Adjusting geometry for rcu_fanout_leaf=16, nr_cpu_ids=8
Nov  1 13:39:36 manugil-regolith kernel: [    0.071695] NR_IRQS: 524544, nr_irqs: 2048, preallocated irqs: 16
Nov  1 13:39:36 manugil-regolith kernel: [    0.072234] random: crng done (trusting CPU's manufacturer)
Nov  1 13:39:36 manugil-regolith kernel: [    0.072247] vt handoff: transparent VT on vt#7
Nov  1 13:39:36 manugil-regolith kernel: [    0.072252] Console: colour dummy device 80x25
Nov  1 13:39:36 manugil-regolith kernel: [    0.072255] printk: console [tty0] enabled
Nov  1 13:39:36 manugil-regolith kernel: [    0.072267] ACPI: Core revision 20190816
Nov  1 13:39:36 manugil-regolith kernel: [    0.072461] clocksource: hpet: mask: 0xffffffff max_cycles: 0xffffffff, max_idle_ns: 79635855245 ns
Nov  1 13:39:36 manugil-regolith kernel: [    0.072543] APIC: Switch to symmetric I/O mode setup
Nov  1 13:39:36 manugil-regolith kernel: [    0.072544] DMAR: Host address width 39
Nov  1 13:39:36 manugil-regolith kernel: [    0.072545] DMAR: DRHD base: 0x000000fed90000 flags: 0x0
Nov  1 13:39:36 manugil-regolith kernel: [    0.072548] DMAR: dmar0: reg_base_addr fed90000 ver 1:0 cap 1c0000c40660462 ecap 19e2ff0505e
Nov  1 13:39:36 manugil-regolith kernel: [    0.072549] DMAR: DRHD base: 0x000000fed91000 flags: 0x1
Nov  1 13:39:36 manugil-regolith kernel: [    0.072551] DMAR: dmar1: reg_base_addr fed91000 ver 1:0 cap d2008c40660462 ecap f050da
Nov  1 13:39:36 manugil-regolith kernel: [    0.072551] DMAR: RMRR base: 0x000000b9df4000 end: 0x000000b9e13fff
Nov  1 13:39:36 manugil-regolith kernel: [    0.072552] DMAR: RMRR base: 0x000000bb800000 end: 0x000000bfffffff
Nov  1 13:39:36 manugil-regolith kernel: [    0.072553] DMAR-IR: IOAPIC id 2 under DRHD base  0xfed91000 IOMMU 1
Nov  1 13:39:36 manugil-regolith kernel: [    0.072553] DMAR-IR: HPET id 0 under DRHD base 0xfed91000
Nov  1 13:39:36 manugil-regolith kernel: [    0.072554] DMAR-IR: Queued invalidation will be enabled to support x2apic and Intr-remapping.
Nov  1 13:39:36 manugil-regolith kernel: [    0.073992] DMAR-IR: Enabled IRQ remapping in x2apic mode
Nov  1 13:39:36 manugil-regolith kernel: [    0.073993] x2apic enabled
Nov  1 13:39:36 manugil-regolith kernel: [    0.074005] Switched APIC routing to cluster x2apic.
Nov  1 13:39:36 manugil-regolith kernel: [    0.078160] ..TIMER: vector=0x30 apic1=0 pin1=2 apic2=-1 pin2=-1
Nov  1 13:39:36 manugil-regolith kernel: [    0.096498] clocksource: tsc-early: mask: 0xffffffffffffffff max_cycles: 0x3c8a615336c, max_idle_ns: 440795257976 ns
Nov  1 13:39:36 manugil-regolith kernel: [    0.096501] Calibrating delay loop (skipped), value calculated using timer frequency.. 8400.00 BogoMIPS (lpj=16800000)
Nov  1 13:39:36 manugil-regolith kernel: [    0.096502] pid_max: default: 32768 minimum: 301
Nov  1 13:39:36 manugil-regolith kernel: [    0.099445] LSM: Security Framework initializing
Nov  1 13:39:36 manugil-regolith kernel: [    0.099450] Yama: becoming mindful.
Nov  1 13:39:36 manugil-regolith kernel: [    0.099475] AppArmor: AppArmor initialized
Nov  1 13:39:36 manugil-regolith kernel: [    0.099513] Mount-cache hash table entries: 32768 (order: 6, 262144 bytes, linear)
Nov  1 13:39:36 manugil-regolith kernel: [    0.099532] Mountpoint-cache hash table entries: 32768 (order: 6, 262144 bytes, linear)
Nov  1 13:39:36 manugil-regolith kernel: [    0.099542] *** VALIDATE tmpfs ***
Nov  1 13:39:36 manugil-regolith kernel: [    0.099624] *** VALIDATE proc ***
Nov  1 13:39:36 manugil-regolith kernel: [    0.099653] *** VALIDATE cgroup1 ***
Nov  1 13:39:36 manugil-regolith kernel: [    0.099653] *** VALIDATE cgroup2 ***
Nov  1 13:39:36 manugil-regolith kernel: [    0.099693] mce: CPU0: Thermal monitoring enabled (TM1)
Nov  1 13:39:36 manugil-regolith kernel: [    0.099705] process: using mwait in idle threads
Nov  1 13:39:36 manugil-regolith kernel: [    0.099707] Last level iTLB entries: 4KB 64, 2MB 8, 4MB 8
Nov  1 13:39:36 manugil-regolith kernel: [    0.099708] Last level dTLB entries: 4KB 64, 2MB 0, 4MB 0, 1GB 4
Nov  1 13:39:36 manugil-regolith kernel: [    0.099709] Spectre V1 : Mitigation: usercopy/swapgs barriers and __user pointer sanitization
Nov  1 13:39:36 manugil-regolith kernel: [    0.099710] Spectre V2 : Mitigation: Full generic retpoline
Nov  1 13:39:36 manugil-regolith kernel: [    0.099710] Spectre V2 : Spectre v2 / SpectreRSB mitigation: Filling RSB on context switch
Nov  1 13:39:36 manugil-regolith kernel: [    0.099710] Spectre V2 : Enabling Restricted Speculation for firmware calls
Nov  1 13:39:36 manugil-regolith kernel: [    0.099711] Spectre V2 : mitigation: Enabling conditional Indirect Branch Prediction Barrier
Nov  1 13:39:36 manugil-regolith kernel: [    0.099711] Spectre V2 : User space: Mitigation: STIBP via seccomp and prctl
Nov  1 13:39:36 manugil-regolith kernel: [    0.099712] Speculative Store Bypass: Mitigation: Speculative Store Bypass disabled via prctl and seccomp
Nov  1 13:39:36 manugil-regolith kernel: [    0.099714] TAA: Mitigation: Clear CPU buffers
Nov  1 13:39:36 manugil-regolith kernel: [    0.099716] SRBDS: Mitigation: Microcode
Nov  1 13:39:36 manugil-regolith kernel: [    0.099716] MDS: Mitigation: Clear CPU buffers
Nov  1 13:39:36 manugil-regolith kernel: [    0.099873] Freeing SMP alternatives memory: 40K
Nov  1 13:39:36 manugil-regolith kernel: [    0.101318] smpboot: CPU0: Intel(R) Core(TM) i7-7700K CPU @ 4.20GHz (family: 0x6, model: 0x9e, stepping: 0x9)
Nov  1 13:39:36 manugil-regolith kernel: [    0.101398] Performance Events: PEBS fmt3+, Skylake events, 32-deep LBR, full-width counters, Intel PMU driver.
Nov  1 13:39:36 manugil-regolith kernel: [    0.101401] ... version:                4
Nov  1 13:39:36 manugil-regolith kernel: [    0.101402] ... bit width:              48
Nov  1 13:39:36 manugil-regolith kernel: [    0.101402] ... generic registers:      4
Nov  1 13:39:36 manugil-regolith kernel: [    0.101402] ... value mask:             0000ffffffffffff
Nov  1 13:39:36 manugil-regolith kernel: [    0.101402] ... max period:             00007fffffffffff
Nov  1 13:39:36 manugil-regolith kernel: [    0.101403] ... fixed-purpose events:   3
Nov  1 13:39:36 manugil-regolith kernel: [    0.101403] ... event mask:             000000070000000f
Nov  1 13:39:36 manugil-regolith kernel: [    0.101425] rcu: Hierarchical SRCU implementation.
Nov  1 13:39:36 manugil-regolith kernel: [    0.102027] NMI watchdog: Enabled. Permanently consumes one hw-PMU counter.
Nov  1 13:39:36 manugil-regolith kernel: [    0.102072] smp: Bringing up secondary CPUs ...
Nov  1 13:39:36 manugil-regolith kernel: [    0.102118] x86: Booting SMP configuration:
Nov  1 13:39:36 manugil-regolith kernel: [    0.102119] .... node  #0, CPUs:      #1 #2 #3 #4
Nov  1 13:39:36 manugil-regolith kernel: [    0.105916] MDS CPU bug present and SMT on, data leak possible. See https://www.kernel.org/doc/html/latest/admin-guide/hw-vuln/mds.html for more details.
Nov  1 13:39:36 manugil-regolith kernel: [    0.105916] TAA CPU bug present and SMT on, data leak possible. See https://www.kernel.org/doc/html/latest/admin-guide/hw-vuln/tsx_async_abort.html for more details.
Nov  1 13:39:36 manugil-regolith kernel: [    0.105916]  #5 #6 #7
Nov  1 13:39:36 manugil-regolith kernel: [    0.105916] smp: Brought up 1 node, 8 CPUs
Nov  1 13:39:36 manugil-regolith kernel: [    0.105916] smpboot: Max logical packages: 1
Nov  1 13:39:36 manugil-regolith kernel: [    0.105916] smpboot: Total of 8 processors activated (67200.00 BogoMIPS)
Nov  1 13:39:36 manugil-regolith kernel: [    0.108796] devtmpfs: initialized
Nov  1 13:39:36 manugil-regolith kernel: [    0.108796] x86/mm: Memory block size: 128MB
Nov  1 13:39:36 manugil-regolith kernel: [    0.109375] PM: Registering ACPI NVS region [mem 0xb1429000-0xb1429fff] (4096 bytes)
Nov  1 13:39:36 manugil-regolith kernel: [    0.109375] PM: Registering ACPI NVS region [mem 0xba213000-0xba8befff] (6995968 bytes)
Nov  1 13:39:36 manugil-regolith kernel: [    0.109375] clocksource: jiffies: mask: 0xffffffff max_cycles: 0xffffffff, max_idle_ns: 7645041785100000 ns
Nov  1 13:39:36 manugil-regolith kernel: [    0.109375] futex hash table entries: 2048 (order: 5, 131072 bytes, linear)
Nov  1 13:39:36 manugil-regolith kernel: [    0.109375] pinctrl core: initialized pinctrl subsystem
Nov  1 13:39:36 manugil-regolith kernel: [    0.109375] PM: RTC time: 13:39:33, date: 2020-11-01
Nov  1 13:39:36 manugil-regolith kernel: [    0.109375] NET: Registered protocol family 16
Nov  1 13:39:36 manugil-regolith kernel: [    0.109375] audit: initializing netlink subsys (disabled)
Nov  1 13:39:36 manugil-regolith kernel: [    0.109375] audit: type=2000 audit(1604237973.036:1): state=initialized audit_enabled=0 res=1
Nov  1 13:39:36 manugil-regolith kernel: [    0.109375] EISA bus registered
Nov  1 13:39:36 manugil-regolith kernel: [    0.109375] cpuidle: using governor ladder
Nov  1 13:39:36 manugil-regolith kernel: [    0.109375] cpuidle: using governor menu
Nov  1 13:39:36 manugil-regolith kernel: [    0.109375] ACPI FADT declares the system doesn't support PCIe ASPM, so disable it
Nov  1 13:39:36 manugil-regolith kernel: [    0.109375] ACPI: bus type PCI registered
Nov  1 13:39:36 manugil-regolith kernel: [    0.109375] acpiphp: ACPI Hot Plug PCI Controller Driver version: 0.5
Nov  1 13:39:36 manugil-regolith kernel: [    0.109375] PCI: MMCONFIG for domain 0000 [bus 00-3f] at [mem 0xf8000000-0xfbffffff] (base 0xf8000000)
Nov  1 13:39:36 manugil-regolith kernel: [    0.109375] PCI: MMCONFIG at [mem 0xf8000000-0xfbffffff] reserved in E820
Nov  1 13:39:36 manugil-regolith kernel: [    0.109375] PCI: Using configuration type 1 for base access
Nov  1 13:39:36 manugil-regolith kernel: [    0.109787] HugeTLB registered 1.00 GiB page size, pre-allocated 0 pages
Nov  1 13:39:36 manugil-regolith kernel: [    0.109787] HugeTLB registered 2.00 MiB page size, pre-allocated 0 pages
Nov  1 13:39:36 manugil-regolith kernel: [    0.109787] ACPI: Added _OSI(Module Device)
Nov  1 13:39:36 manugil-regolith kernel: [    0.109787] ACPI: Added _OSI(Processor Device)
Nov  1 13:39:36 manugil-regolith kernel: [    0.109787] ACPI: Added _OSI(3.0 _SCP Extensions)
Nov  1 13:39:36 manugil-regolith kernel: [    0.109787] ACPI: Added _OSI(Processor Aggregator Device)
Nov  1 13:39:36 manugil-regolith kernel: [    0.109787] ACPI: Added _OSI(Linux-Dell-Video)
Nov  1 13:39:36 manugil-regolith kernel: [    0.109787] ACPI: Added _OSI(Linux-Lenovo-NV-HDMI-Audio)
Nov  1 13:39:36 manugil-regolith kernel: [    0.109787] ACPI: Added _OSI(Linux-HPI-Hybrid-Graphics)
Nov  1 13:39:36 manugil-regolith kernel: [    0.140015] ACPI: 9 ACPI AML tables successfully acquired and loaded
Nov  1 13:39:36 manugil-regolith kernel: [    0.141992] ACPI: [Firmware Bug]: BIOS _OSI(Linux) query ignored
Nov  1 13:39:36 manugil-regolith kernel: [    0.144746] ACPI: Dynamic OEM Table Load:
Nov  1 13:39:36 manugil-regolith kernel: [    0.144750] ACPI: SSDT 0xFFFF96552C7E2000 00081F (v02 PmRef  Cpu0Ist  00003000 INTL 20160422)
Nov  1 13:39:36 manugil-regolith kernel: [    0.145797] ACPI: \_PR_.CPU0: _OSC native thermal LVT Acked
Nov  1 13:39:36 manugil-regolith kernel: [    0.146830] ACPI: Dynamic OEM Table Load:
Nov  1 13:39:36 manugil-regolith kernel: [    0.146832] ACPI: SSDT 0xFFFF96552C3FF800 0003FF (v02 PmRef  Cpu0Cst  00003001 INTL 20160422)
Nov  1 13:39:36 manugil-regolith kernel: [    0.148018] ACPI: Dynamic OEM Table Load:
Nov  1 13:39:36 manugil-regolith kernel: [    0.148020] ACPI: SSDT 0xFFFF96552BDDD800 00065C (v02 PmRef  ApIst    00003000 INTL 20160422)
Nov  1 13:39:36 manugil-regolith kernel: [    0.149219] ACPI: Dynamic OEM Table Load:
Nov  1 13:39:36 manugil-regolith kernel: [    0.149221] ACPI: SSDT 0xFFFF96552BEDE800 00018A (v02 PmRef  ApCst    00003000 INTL 20160422)
Nov  1 13:39:36 manugil-regolith kernel: [    0.152925] ACPI: Interpreter enabled
Nov  1 13:39:36 manugil-regolith kernel: [    0.152952] ACPI: (supports S0 S3 S4 S5)
Nov  1 13:39:36 manugil-regolith kernel: [    0.152952] ACPI: Using IOAPIC for interrupt routing
Nov  1 13:39:36 manugil-regolith kernel: [    0.152979] PCI: Using host bridge windows from ACPI; if necessary, use "pci=nocrs" and report a bug
Nov  1 13:39:36 manugil-regolith kernel: [    0.153745] ACPI: Enabled 6 GPEs in block 00 to 7F
Nov  1 13:39:36 manugil-regolith kernel: [    0.155605] ACPI: Power Resource [PG00] (on)
Nov  1 13:39:36 manugil-regolith kernel: [    0.155934] ACPI: Power Resource [PG01] (on)
Nov  1 13:39:36 manugil-regolith kernel: [    0.156256] ACPI: Power Resource [PG02] (on)
Nov  1 13:39:36 manugil-regolith kernel: [    0.157753] ACPI: Power Resource [WRST] (on)
Nov  1 13:39:36 manugil-regolith kernel: [    0.158009] ACPI: Power Resource [WRST] (on)
Nov  1 13:39:36 manugil-regolith kernel: [    0.158271] ACPI: Power Resource [WRST] (on)
Nov  1 13:39:36 manugil-regolith kernel: [    0.158528] ACPI: Power Resource [WRST] (on)
Nov  1 13:39:36 manugil-regolith kernel: [    0.158789] ACPI: Power Resource [WRST] (on)
Nov  1 13:39:36 manugil-regolith kernel: [    0.159050] ACPI: Power Resource [WRST] (on)
Nov  1 13:39:36 manugil-regolith kernel: [    0.159308] ACPI: Power Resource [WRST] (on)
Nov  1 13:39:36 manugil-regolith kernel: [    0.159567] ACPI: Power Resource [WRST] (on)
Nov  1 13:39:36 manugil-regolith kernel: [    0.159822] ACPI: Power Resource [WRST] (on)
Nov  1 13:39:36 manugil-regolith kernel: [    0.160082] ACPI: Power Resource [WRST] (on)
Nov  1 13:39:36 manugil-regolith kernel: [    0.160360] ACPI: Power Resource [WRST] (on)
Nov  1 13:39:36 manugil-regolith kernel: [    0.160618] ACPI: Power Resource [WRST] (on)
Nov  1 13:39:36 manugil-regolith kernel: [    0.160874] ACPI: Power Resource [WRST] (on)
Nov  1 13:39:36 manugil-regolith kernel: [    0.161130] ACPI: Power Resource [WRST] (on)
Nov  1 13:39:36 manugil-regolith kernel: [    0.161387] ACPI: Power Resource [WRST] (on)
Nov  1 13:39:36 manugil-regolith kernel: [    0.161647] ACPI: Power Resource [WRST] (on)
Nov  1 13:39:36 manugil-regolith kernel: [    0.161906] ACPI: Power Resource [WRST] (on)
Nov  1 13:39:36 manugil-regolith kernel: [    0.162885] ACPI: Power Resource [WRST] (on)
Nov  1 13:39:36 manugil-regolith kernel: [    0.163141] ACPI: Power Resource [WRST] (on)
Nov  1 13:39:36 manugil-regolith kernel: [    0.163397] ACPI: Power Resource [WRST] (on)
Nov  1 13:39:36 manugil-regolith kernel: [    0.173929] ACPI: Power Resource [FN00] (off)
Nov  1 13:39:36 manugil-regolith kernel: [    0.173993] ACPI: Power Resource [FN01] (off)
Nov  1 13:39:36 manugil-regolith kernel: [    0.174058] ACPI: Power Resource [FN02] (off)
Nov  1 13:39:36 manugil-regolith kernel: [    0.174121] ACPI: Power Resource [FN03] (off)
Nov  1 13:39:36 manugil-regolith kernel: [    0.174182] ACPI: Power Resource [FN04] (off)
Nov  1 13:39:36 manugil-regolith kernel: [    0.175074] ACPI: PCI Root Bridge [PCI0] (domain 0000 [bus 00-3e])
Nov  1 13:39:36 manugil-regolith kernel: [    0.175078] acpi PNP0A08:00: _OSC: OS supports [ExtendedConfig ASPM ClockPM Segments MSI HPX-Type3]
Nov  1 13:39:36 manugil-regolith kernel: [    0.175107] acpi PNP0A08:00: _OSC failed (AE_ERROR); disabling ASPM
Nov  1 13:39:36 manugil-regolith kernel: [    0.175684] PCI host bridge to bus 0000:00
Nov  1 13:39:36 manugil-regolith kernel: [    0.175686] pci_bus 0000:00: root bus resource [io  0x0000-0x0cf7 window]
Nov  1 13:39:36 manugil-regolith kernel: [    0.175686] pci_bus 0000:00: root bus resource [io  0x0d00-0xffff window]
Nov  1 13:39:36 manugil-regolith kernel: [    0.175687] pci_bus 0000:00: root bus resource [mem 0x000a0000-0x000bffff window]
Nov  1 13:39:36 manugil-regolith kernel: [    0.175687] pci_bus 0000:00: root bus resource [mem 0xc0000000-0xf7ffffff window]
Nov  1 13:39:36 manugil-regolith kernel: [    0.175688] pci_bus 0000:00: root bus resource [mem 0xfd000000-0xfe7fffff window]
Nov  1 13:39:36 manugil-regolith kernel: [    0.175688] pci_bus 0000:00: root bus resource [bus 00-3e]
Nov  1 13:39:36 manugil-regolith kernel: [    0.175695] pci 0000:00:00.0: [8086:591f] type 00 class 0x060000
Nov  1 13:39:36 manugil-regolith kernel: [    0.175953] pci 0000:00:01.0: [8086:1901] type 01 class 0x060400
Nov  1 13:39:36 manugil-regolith kernel: [    0.175984] pci 0000:00:01.0: PME# supported from D0 D3hot D3cold
Nov  1 13:39:36 manugil-regolith kernel: [    0.176137] pci 0000:00:02.0: [8086:5912] type 00 class 0x038000
Nov  1 13:39:36 manugil-regolith kernel: [    0.176143] pci 0000:00:02.0: reg 0x10: [mem 0xf5000000-0xf5ffffff 64bit]
Nov  1 13:39:36 manugil-regolith kernel: [    0.176146] pci 0000:00:02.0: reg 0x18: [mem 0xd0000000-0xdfffffff 64bit pref]
Nov  1 13:39:36 manugil-regolith kernel: [    0.176147] pci 0000:00:02.0: reg 0x20: [io  0xf000-0xf03f]
Nov  1 13:39:36 manugil-regolith kernel: [    0.176267] pci 0000:00:08.0: [8086:1911] type 00 class 0x088000
Nov  1 13:39:36 manugil-regolith kernel: [    0.176274] pci 0000:00:08.0: reg 0x10: [mem 0xf734e000-0xf734efff 64bit]
Nov  1 13:39:36 manugil-regolith kernel: [    0.176393] pci 0000:00:14.0: [8086:a2af] type 00 class 0x0c0330
Nov  1 13:39:36 manugil-regolith kernel: [    0.176410] pci 0000:00:14.0: reg 0x10: [mem 0xf7330000-0xf733ffff 64bit]
Nov  1 13:39:36 manugil-regolith kernel: [    0.176461] pci 0000:00:14.0: PME# supported from D3hot D3cold
Nov  1 13:39:36 manugil-regolith kernel: [    0.176643] pci 0000:00:16.0: [8086:a2ba] type 00 class 0x078000
Nov  1 13:39:36 manugil-regolith kernel: [    0.176659] pci 0000:00:16.0: reg 0x10: [mem 0xf734d000-0xf734dfff 64bit]
Nov  1 13:39:36 manugil-regolith kernel: [    0.176701] pci 0000:00:16.0: PME# supported from D3hot
Nov  1 13:39:36 manugil-regolith kernel: [    0.176834] pci 0000:00:17.0: [8086:a282] type 00 class 0x010601
Nov  1 13:39:36 manugil-regolith kernel: [    0.176847] pci 0000:00:17.0: reg 0x10: [mem 0xf7348000-0xf7349fff]
Nov  1 13:39:36 manugil-regolith kernel: [    0.176852] pci 0000:00:17.0: reg 0x14: [mem 0xf734c000-0xf734c0ff]
Nov  1 13:39:36 manugil-regolith kernel: [    0.176857] pci 0000:00:17.0: reg 0x18: [io  0xf090-0xf097]
Nov  1 13:39:36 manugil-regolith kernel: [    0.176862] pci 0000:00:17.0: reg 0x1c: [io  0xf080-0xf083]
Nov  1 13:39:36 manugil-regolith kernel: [    0.176867] pci 0000:00:17.0: reg 0x20: [io  0xf060-0xf07f]
Nov  1 13:39:36 manugil-regolith kernel: [    0.176872] pci 0000:00:17.0: reg 0x24: [mem 0xf734b000-0xf734b7ff]
Nov  1 13:39:36 manugil-regolith kernel: [    0.176902] pci 0000:00:17.0: PME# supported from D3hot
Nov  1 13:39:36 manugil-regolith kernel: [    0.177021] pci 0000:00:1b.0: [8086:a2e7] type 01 class 0x060400
Nov  1 13:39:36 manugil-regolith kernel: [    0.177079] pci 0000:00:1b.0: PME# supported from D0 D3hot D3cold
Nov  1 13:39:36 manugil-regolith kernel: [    0.177220] pci 0000:00:1b.2: [8086:a2e9] type 01 class 0x060400
Nov  1 13:39:36 manugil-regolith kernel: [    0.177284] pci 0000:00:1b.2: PME# supported from D0 D3hot D3cold
Nov  1 13:39:36 manugil-regolith kernel: [    0.177429] pci 0000:00:1b.4: [8086:a2eb] type 01 class 0x060400
Nov  1 13:39:36 manugil-regolith kernel: [    0.177491] pci 0000:00:1b.4: PME# supported from D0 D3hot D3cold
Nov  1 13:39:36 manugil-regolith kernel: [    0.177641] pci 0000:00:1c.0: [8086:a290] type 01 class 0x060400
Nov  1 13:39:36 manugil-regolith kernel: [    0.177699] pci 0000:00:1c.0: PME# supported from D0 D3hot D3cold
Nov  1 13:39:36 manugil-regolith kernel: [    0.177835] pci 0000:00:1c.2: [8086:a292] type 01 class 0x060400
Nov  1 13:39:36 manugil-regolith kernel: [    0.177898] pci 0000:00:1c.2: PME# supported from D0 D3hot D3cold
Nov  1 13:39:36 manugil-regolith kernel: [    0.178041] pci 0000:00:1c.4: [8086:a294] type 01 class 0x060400
Nov  1 13:39:36 manugil-regolith kernel: [    0.178096] pci 0000:00:1c.4: PME# supported from D0 D3hot D3cold
Nov  1 13:39:36 manugil-regolith kernel: [    0.178232] pci 0000:00:1c.5: [8086:a295] type 01 class 0x060400
Nov  1 13:39:36 manugil-regolith kernel: [    0.178288] pci 0000:00:1c.5: PME# supported from D0 D3hot D3cold
Nov  1 13:39:36 manugil-regolith kernel: [    0.178426] pci 0000:00:1c.6: [8086:a296] type 01 class 0x060400
Nov  1 13:39:36 manugil-regolith kernel: [    0.178481] pci 0000:00:1c.6: PME# supported from D0 D3hot D3cold
Nov  1 13:39:36 manugil-regolith kernel: [    0.178617] pci 0000:00:1c.7: [8086:a297] type 01 class 0x060400
Nov  1 13:39:36 manugil-regolith kernel: [    0.178673] pci 0000:00:1c.7: PME# supported from D0 D3hot D3cold
Nov  1 13:39:36 manugil-regolith kernel: [    0.178812] pci 0000:00:1d.0: [8086:a298] type 01 class 0x060400
Nov  1 13:39:36 manugil-regolith kernel: [    0.178875] pci 0000:00:1d.0: PME# supported from D0 D3hot D3cold
Nov  1 13:39:36 manugil-regolith kernel: [    0.179042] pci 0000:00:1f.0: [8086:a2c5] type 00 class 0x060100
Nov  1 13:39:36 manugil-regolith kernel: [    0.179242] pci 0000:00:1f.2: [8086:a2a1] type 00 class 0x058000
Nov  1 13:39:36 manugil-regolith kernel: [    0.179254] pci 0000:00:1f.2: reg 0x10: [mem 0xf7344000-0xf7347fff]
Nov  1 13:39:36 manugil-regolith kernel: [    0.179402] pci 0000:00:1f.3: [8086:a2f0] type 00 class 0x040300
Nov  1 13:39:36 manugil-regolith kernel: [    0.179425] pci 0000:00:1f.3: reg 0x10: [mem 0xf7340000-0xf7343fff 64bit]
Nov  1 13:39:36 manugil-regolith kernel: [    0.179451] pci 0000:00:1f.3: reg 0x20: [mem 0xf7320000-0xf732ffff 64bit]
Nov  1 13:39:36 manugil-regolith kernel: [    0.179492] pci 0000:00:1f.3: PME# supported from D3hot D3cold
Nov  1 13:39:36 manugil-regolith kernel: [    0.179658] pci 0000:00:1f.4: [8086:a2a3] type 00 class 0x0c0500
Nov  1 13:39:36 manugil-regolith kernel: [    0.179717] pci 0000:00:1f.4: reg 0x10: [mem 0xf734a000-0xf734a0ff 64bit]
Nov  1 13:39:36 manugil-regolith kernel: [    0.179785] pci 0000:00:1f.4: reg 0x20: [io  0xf040-0xf05f]
Nov  1 13:39:36 manugil-regolith kernel: [    0.179969] pci 0000:00:1f.6: [8086:15b8] type 00 class 0x020000
Nov  1 13:39:36 manugil-regolith kernel: [    0.179992] pci 0000:00:1f.6: reg 0x10: [mem 0xf7300000-0xf731ffff]
Nov  1 13:39:36 manugil-regolith kernel: [    0.180085] pci 0000:00:1f.6: PME# supported from D0 D3hot D3cold
Nov  1 13:39:36 manugil-regolith kernel: [    0.180227] pci 0000:01:00.0: [10de:1c03] type 00 class 0x030000
Nov  1 13:39:36 manugil-regolith kernel: [    0.180243] pci 0000:01:00.0: reg 0x10: [mem 0xf6000000-0xf6ffffff]
Nov  1 13:39:36 manugil-regolith kernel: [    0.180251] pci 0000:01:00.0: reg 0x14: [mem 0xe0000000-0xefffffff 64bit pref]
Nov  1 13:39:36 manugil-regolith kernel: [    0.180258] pci 0000:01:00.0: reg 0x1c: [mem 0xf0000000-0xf1ffffff 64bit pref]
Nov  1 13:39:36 manugil-regolith kernel: [    0.180263] pci 0000:01:00.0: reg 0x24: [io  0xe000-0xe07f]
Nov  1 13:39:36 manugil-regolith kernel: [    0.180269] pci 0000:01:00.0: reg 0x30: [mem 0xf7000000-0xf707ffff pref]
Nov  1 13:39:36 manugil-regolith kernel: [    0.180281] pci 0000:01:00.0: BAR 3: assigned to efifb
Nov  1 13:39:36 manugil-regolith kernel: [    0.180334] pci 0000:01:00.0: 32.000 Gb/s available PCIe bandwidth, limited by 2.5 GT/s x16 link at 0000:00:01.0 (capable of 126.016 Gb/s with 8 GT/s x16 link)
Nov  1 13:39:36 manugil-regolith kernel: [    0.180368] pci 0000:01:00.1: [10de:10f1] type 00 class 0x040300
Nov  1 13:39:36 manugil-regolith kernel: [    0.180380] pci 0000:01:00.1: reg 0x10: [mem 0xf7080000-0xf7083fff]
Nov  1 13:39:36 manugil-regolith kernel: [    0.180491] pci 0000:00:01.0: PCI bridge to [bus 01]
Nov  1 13:39:36 manugil-regolith kernel: [    0.180492] pci 0000:00:01.0:   bridge window [io  0xe000-0xefff]
Nov  1 13:39:36 manugil-regolith kernel: [    0.180494] pci 0000:00:01.0:   bridge window [mem 0xf6000000-0xf70fffff]
Nov  1 13:39:36 manugil-regolith kernel: [    0.180495] pci 0000:00:01.0:   bridge window [mem 0xe0000000-0xf1ffffff 64bit pref]
Nov  1 13:39:36 manugil-regolith kernel: [    0.180547] acpiphp: Slot [1] registered
Nov  1 13:39:36 manugil-regolith kernel: [    0.180550] pci 0000:00:1b.0: PCI bridge to [bus 02]
Nov  1 13:39:36 manugil-regolith kernel: [    0.180598] pci 0000:00:1b.2: PCI bridge to [bus 03]
Nov  1 13:39:36 manugil-regolith kernel: [    0.180646] pci 0000:00:1b.4: PCI bridge to [bus 04]
Nov  1 13:39:36 manugil-regolith kernel: [    0.180696] acpiphp: Slot [1-1] registered
Nov  1 13:39:36 manugil-regolith kernel: [    0.180699] pci 0000:00:1c.0: PCI bridge to [bus 05]
Nov  1 13:39:36 manugil-regolith kernel: [    0.180746] pci 0000:00:1c.2: PCI bridge to [bus 06]
Nov  1 13:39:36 manugil-regolith kernel: [    0.180815] pci 0000:07:00.0: [8086:1539] type 00 class 0x020000
Nov  1 13:39:36 manugil-regolith kernel: [    0.180845] pci 0000:07:00.0: reg 0x10: [mem 0xf7200000-0xf721ffff]
Nov  1 13:39:36 manugil-regolith kernel: [    0.180868] pci 0000:07:00.0: reg 0x18: [io  0xd000-0xd01f]
Nov  1 13:39:36 manugil-regolith kernel: [    0.180879] pci 0000:07:00.0: reg 0x1c: [mem 0xf7220000-0xf7223fff]
Nov  1 13:39:36 manugil-regolith kernel: [    0.181000] pci 0000:07:00.0: PME# supported from D0 D3hot D3cold
Nov  1 13:39:36 manugil-regolith kernel: [    0.181116] pci 0000:00:1c.4: PCI bridge to [bus 07]
Nov  1 13:39:36 manugil-regolith kernel: [    0.181117] pci 0000:00:1c.4:   bridge window [io  0xd000-0xdfff]
Nov  1 13:39:36 manugil-regolith kernel: [    0.181119] pci 0000:00:1c.4:   bridge window [mem 0xf7200000-0xf72fffff]
Nov  1 13:39:36 manugil-regolith kernel: [    0.181185] pci 0000:08:00.0: [8086:24fd] type 00 class 0x028000
Nov  1 13:39:36 manugil-regolith kernel: [    0.181229] pci 0000:08:00.0: reg 0x10: [mem 0xf7100000-0xf7101fff 64bit]
Nov  1 13:39:36 manugil-regolith kernel: [    0.181387] pci 0000:08:00.0: PME# supported from D0 D3hot D3cold
Nov  1 13:39:36 manugil-regolith kernel: [    0.181529] pci 0000:00:1c.5: PCI bridge to [bus 08]
Nov  1 13:39:36 manugil-regolith kernel: [    0.181532] pci 0000:00:1c.5:   bridge window [mem 0xf7100000-0xf71fffff]
Nov  1 13:39:36 manugil-regolith kernel: [    0.181577] pci 0000:00:1c.6: PCI bridge to [bus 09]
Nov  1 13:39:36 manugil-regolith kernel: [    0.181622] pci 0000:00:1c.7: PCI bridge to [bus 0a]
Nov  1 13:39:36 manugil-regolith kernel: [    0.181672] pci 0000:00:1d.0: PCI bridge to [bus 0b]
Nov  1 13:39:36 manugil-regolith kernel: [    0.183218] ACPI: PCI Interrupt Link [LNKA] (IRQs 3 4 5 6 10 *11 12 14 15)
Nov  1 13:39:36 manugil-regolith kernel: [    0.183262] ACPI: PCI Interrupt Link [LNKB] (IRQs 3 4 5 6 *10 11 12 14 15)
Nov  1 13:39:36 manugil-regolith kernel: [    0.183306] ACPI: PCI Interrupt Link [LNKC] (IRQs 3 4 5 6 10 *11 12 14 15)
Nov  1 13:39:36 manugil-regolith kernel: [    0.183348] ACPI: PCI Interrupt Link [LNKD] (IRQs 3 4 5 6 10 *11 12 14 15)
Nov  1 13:39:36 manugil-regolith kernel: [    0.183390] ACPI: PCI Interrupt Link [LNKE] (IRQs 3 4 5 6 10 *11 12 14 15)
Nov  1 13:39:36 manugil-regolith kernel: [    0.183432] ACPI: PCI Interrupt Link [LNKF] (IRQs 3 4 5 6 10 *11 12 14 15)
Nov  1 13:39:36 manugil-regolith kernel: [    0.183474] ACPI: PCI Interrupt Link [LNKG] (IRQs 3 4 5 6 10 *11 12 14 15)
Nov  1 13:39:36 manugil-regolith kernel: [    0.183516] ACPI: PCI Interrupt Link [LNKH] (IRQs 3 4 5 6 10 *11 12 14 15)
Nov  1 13:39:36 manugil-regolith kernel: [    0.183943] iommu: Default domain type: Translated 
Nov  1 13:39:36 manugil-regolith kernel: [    0.183943] SCSI subsystem initialized
Nov  1 13:39:36 manugil-regolith kernel: [    0.183943] libata version 3.00 loaded.
Nov  1 13:39:36 manugil-regolith kernel: [    0.183943] pci 0000:01:00.0: vgaarb: setting as boot VGA device
Nov  1 13:39:36 manugil-regolith kernel: [    0.183943] pci 0000:01:00.0: vgaarb: VGA device added: decodes=io+mem,owns=io+mem,locks=none
Nov  1 13:39:36 manugil-regolith kernel: [    0.183943] pci 0000:01:00.0: vgaarb: bridge control possible
Nov  1 13:39:36 manugil-regolith kernel: [    0.183943] vgaarb: loaded
Nov  1 13:39:36 manugil-regolith kernel: [    0.183943] ACPI: bus type USB registered
Nov  1 13:39:36 manugil-regolith kernel: [    0.183943] usbcore: registered new interface driver usbfs
Nov  1 13:39:36 manugil-regolith kernel: [    0.183943] usbcore: registered new interface driver hub
Nov  1 13:39:36 manugil-regolith kernel: [    0.183943] usbcore: registered new device driver usb
Nov  1 13:39:36 manugil-regolith kernel: [    0.183943] pps_core: LinuxPPS API ver. 1 registered
Nov  1 13:39:36 manugil-regolith kernel: [    0.183943] pps_core: Software ver. 5.3.6 - Copyright 2005-2007 Rodolfo Giometti <giometti@linux.it>
Nov  1 13:39:36 manugil-regolith kernel: [    0.183943] PTP clock support registered
Nov  1 13:39:36 manugil-regolith kernel: [    0.183943] EDAC MC: Ver: 3.0.0
Nov  1 13:39:36 manugil-regolith kernel: [    0.183943] Registered efivars operations
Nov  1 13:39:36 manugil-regolith kernel: [    0.183943] PCI: Using ACPI for IRQ routing
Nov  1 13:39:36 manugil-regolith kernel: [    0.190024] PCI: pci_cache_line_size set to 64 bytes
Nov  1 13:39:36 manugil-regolith kernel: [    0.190073] e820: reserve RAM buffer [mem 0x00058000-0x0005ffff]
Nov  1 13:39:36 manugil-regolith kernel: [    0.190074] e820: reserve RAM buffer [mem 0x0009f000-0x0009ffff]
Nov  1 13:39:36 manugil-regolith kernel: [    0.190074] e820: reserve RAM buffer [mem 0xaf792018-0xafffffff]
Nov  1 13:39:36 manugil-regolith kernel: [    0.190075] e820: reserve RAM buffer [mem 0xaf7a3018-0xafffffff]
Nov  1 13:39:36 manugil-regolith kernel: [    0.190075] e820: reserve RAM buffer [mem 0xaf7b5018-0xafffffff]
Nov  1 13:39:36 manugil-regolith kernel: [    0.190076] e820: reserve RAM buffer [mem 0xaf7c6018-0xafffffff]
Nov  1 13:39:36 manugil-regolith kernel: [    0.190076] e820: reserve RAM buffer [mem 0xb1429000-0xb3ffffff]
Nov  1 13:39:36 manugil-regolith kernel: [    0.190077] e820: reserve RAM buffer [mem 0xb84a4000-0xbbffffff]
Nov  1 13:39:36 manugil-regolith kernel: [    0.190077] e820: reserve RAM buffer [mem 0xb9ac6000-0xbbffffff]
Nov  1 13:39:36 manugil-regolith kernel: [    0.190078] e820: reserve RAM buffer [mem 0xba213000-0xbbffffff]
Nov  1 13:39:36 manugil-regolith kernel: [    0.190078] e820: reserve RAM buffer [mem 0xbb000000-0xbbffffff]
Nov  1 13:39:36 manugil-regolith kernel: [    0.190079] e820: reserve RAM buffer [mem 0x43f000000-0x43fffffff]
Nov  1 13:39:36 manugil-regolith kernel: [    0.190128] NetLabel: Initializing
Nov  1 13:39:36 manugil-regolith kernel: [    0.190129] NetLabel:  domain hash size = 128
Nov  1 13:39:36 manugil-regolith kernel: [    0.190129] NetLabel:  protocols = UNLABELED CIPSOv4 CALIPSO
Nov  1 13:39:36 manugil-regolith kernel: [    0.190136] NetLabel:  unlabeled traffic allowed by default
Nov  1 13:39:36 manugil-regolith kernel: [    0.190142] hpet0: at MMIO 0xfed00000, IRQs 2, 8, 0, 0, 0, 0, 0, 0
Nov  1 13:39:36 manugil-regolith kernel: [    0.190142] hpet0: 8 comparators, 64-bit 24.000000 MHz counter
Nov  1 13:39:36 manugil-regolith kernel: [    0.192515] clocksource: Switched to clocksource tsc-early
Nov  1 13:39:36 manugil-regolith kernel: [    0.199159] *** VALIDATE bpf ***
Nov  1 13:39:36 manugil-regolith kernel: [    0.199203] VFS: Disk quotas dquot_6.6.0
Nov  1 13:39:36 manugil-regolith kernel: [    0.199212] VFS: Dquot-cache hash table entries: 512 (order 0, 4096 bytes)
Nov  1 13:39:36 manugil-regolith kernel: [    0.199228] *** VALIDATE ramfs ***
Nov  1 13:39:36 manugil-regolith kernel: [    0.199229] *** VALIDATE hugetlbfs ***
Nov  1 13:39:36 manugil-regolith kernel: [    0.199277] AppArmor: AppArmor Filesystem Enabled
Nov  1 13:39:36 manugil-regolith kernel: [    0.199293] pnp: PnP ACPI init
Nov  1 13:39:36 manugil-regolith kernel: [    0.199542] system 00:00: [io  0x0a00-0x0a2f] has been reserved
Nov  1 13:39:36 manugil-regolith kernel: [    0.199543] system 00:00: [io  0x0a30-0x0a3f] has been reserved
Nov  1 13:39:36 manugil-regolith kernel: [    0.199544] system 00:00: [io  0x0a40-0x0a4f] has been reserved
Nov  1 13:39:36 manugil-regolith kernel: [    0.199546] system 00:00: Plug and Play ACPI device, IDs PNP0c02 (active)
Nov  1 13:39:36 manugil-regolith kernel: [    0.199697] system 00:01: [io  0x0680-0x069f] has been reserved
Nov  1 13:39:36 manugil-regolith kernel: [    0.199697] system 00:01: [io  0xffff] has been reserved
Nov  1 13:39:36 manugil-regolith kernel: [    0.199698] system 00:01: [io  0xffff] has been reserved
Nov  1 13:39:36 manugil-regolith kernel: [    0.199699] system 00:01: [io  0xffff] has been reserved
Nov  1 13:39:36 manugil-regolith kernel: [    0.199699] system 00:01: [io  0x1800-0x18fe] has been reserved
Nov  1 13:39:36 manugil-regolith kernel: [    0.199700] system 00:01: [io  0x164e-0x164f] has been reserved
Nov  1 13:39:36 manugil-regolith kernel: [    0.199702] system 00:01: Plug and Play ACPI device, IDs PNP0c02 (active)
Nov  1 13:39:36 manugil-regolith kernel: [    0.199767] system 00:02: [io  0x0800-0x087f] has been reserved
Nov  1 13:39:36 manugil-regolith kernel: [    0.199768] system 00:02: Plug and Play ACPI device, IDs PNP0c02 (active)
Nov  1 13:39:36 manugil-regolith kernel: [    0.199780] pnp 00:03: Plug and Play ACPI device, IDs PNP0b00 (active)
Nov  1 13:39:36 manugil-regolith kernel: [    0.199807] system 00:04: [io  0x1854-0x1857] has been reserved
Nov  1 13:39:36 manugil-regolith kernel: [    0.199809] system 00:04: Plug and Play ACPI device, IDs INT3f0d PNP0c02 (active)
Nov  1 13:39:36 manugil-regolith kernel: [    0.199992] system 00:05: [mem 0xfed10000-0xfed17fff] has been reserved
Nov  1 13:39:36 manugil-regolith kernel: [    0.199993] system 00:05: [mem 0xfed18000-0xfed18fff] has been reserved
Nov  1 13:39:36 manugil-regolith kernel: [    0.199994] system 00:05: [mem 0xfed19000-0xfed19fff] has been reserved
Nov  1 13:39:36 manugil-regolith kernel: [    0.199994] system 00:05: [mem 0xf8000000-0xfbffffff] has been reserved
Nov  1 13:39:36 manugil-regolith kernel: [    0.199995] system 00:05: [mem 0xfed20000-0xfed3ffff] has been reserved
Nov  1 13:39:36 manugil-regolith kernel: [    0.199996] system 00:05: [mem 0xfed90000-0xfed93fff] could not be reserved
Nov  1 13:39:36 manugil-regolith kernel: [    0.199996] system 00:05: [mem 0xfed45000-0xfed8ffff] has been reserved
Nov  1 13:39:36 manugil-regolith kernel: [    0.199997] system 00:05: [mem 0xff000000-0xffffffff] has been reserved
Nov  1 13:39:36 manugil-regolith kernel: [    0.199998] system 00:05: [mem 0xfee00000-0xfeefffff] could not be reserved
Nov  1 13:39:36 manugil-regolith kernel: [    0.199998] system 00:05: [mem 0xf7fe0000-0xf7ffffff] has been reserved
Nov  1 13:39:36 manugil-regolith kernel: [    0.200000] system 00:05: Plug and Play ACPI device, IDs PNP0c02 (active)
Nov  1 13:39:36 manugil-regolith kernel: [    0.200029] system 00:06: [mem 0xfd000000-0xfdabffff] has been reserved
Nov  1 13:39:36 manugil-regolith kernel: [    0.200030] system 00:06: [mem 0xfdad0000-0xfdadffff] has been reserved
Nov  1 13:39:36 manugil-regolith kernel: [    0.200031] system 00:06: [mem 0xfdb00000-0xfdffffff] has been reserved
Nov  1 13:39:36 manugil-regolith kernel: [    0.200031] system 00:06: [mem 0xfe000000-0xfe01ffff] could not be reserved
Nov  1 13:39:36 manugil-regolith kernel: [    0.200032] system 00:06: [mem 0xfe036000-0xfe03bfff] has been reserved
Nov  1 13:39:36 manugil-regolith kernel: [    0.200033] system 00:06: [mem 0xfe03d000-0xfe3fffff] has been reserved
Nov  1 13:39:36 manugil-regolith kernel: [    0.200033] system 00:06: [mem 0xfe410000-0xfe7fffff] has been reserved
Nov  1 13:39:36 manugil-regolith kernel: [    0.200035] system 00:06: Plug and Play ACPI device, IDs PNP0c02 (active)
Nov  1 13:39:36 manugil-regolith kernel: [    0.200260] system 00:07: [io  0xff00-0xfffe] has been reserved
Nov  1 13:39:36 manugil-regolith kernel: [    0.200262] system 00:07: Plug and Play ACPI device, IDs PNP0c02 (active)
Nov  1 13:39:36 manugil-regolith kernel: [    0.201174] system 00:08: [mem 0xfdaf0000-0xfdafffff] has been reserved
Nov  1 13:39:36 manugil-regolith kernel: [    0.201175] system 00:08: [mem 0xfdae0000-0xfdaeffff] has been reserved
Nov  1 13:39:36 manugil-regolith kernel: [    0.201175] system 00:08: [mem 0xfdac0000-0xfdacffff] has been reserved
Nov  1 13:39:36 manugil-regolith kernel: [    0.201177] system 00:08: Plug and Play ACPI device, IDs PNP0c02 (active)
Nov  1 13:39:36 manugil-regolith kernel: [    0.201866] pnp: PnP ACPI: found 9 devices
Nov  1 13:39:36 manugil-regolith kernel: [    0.202496] thermal_sys: Registered thermal governor 'fair_share'
Nov  1 13:39:36 manugil-regolith kernel: [    0.202496] thermal_sys: Registered thermal governor 'bang_bang'
Nov  1 13:39:36 manugil-regolith kernel: [    0.202497] thermal_sys: Registered thermal governor 'step_wise'
Nov  1 13:39:36 manugil-regolith kernel: [    0.202497] thermal_sys: Registered thermal governor 'user_space'
Nov  1 13:39:36 manugil-regolith kernel: [    0.202497] thermal_sys: Registered thermal governor 'power_allocator'
Nov  1 13:39:36 manugil-regolith kernel: [    0.206981] clocksource: acpi_pm: mask: 0xffffff max_cycles: 0xffffff, max_idle_ns: 2085701024 ns
Nov  1 13:39:36 manugil-regolith kernel: [    0.207002] pci 0000:00:01.0: PCI bridge to [bus 01]
Nov  1 13:39:36 manugil-regolith kernel: [    0.207004] pci 0000:00:01.0:   bridge window [io  0xe000-0xefff]
Nov  1 13:39:36 manugil-regolith kernel: [    0.207005] pci 0000:00:01.0:   bridge window [mem 0xf6000000-0xf70fffff]
Nov  1 13:39:36 manugil-regolith kernel: [    0.207006] pci 0000:00:01.0:   bridge window [mem 0xe0000000-0xf1ffffff 64bit pref]
Nov  1 13:39:36 manugil-regolith kernel: [    0.207009] pci 0000:00:1b.0: PCI bridge to [bus 02]
Nov  1 13:39:36 manugil-regolith kernel: [    0.207015] pci 0000:00:1b.2: PCI bridge to [bus 03]
Nov  1 13:39:36 manugil-regolith kernel: [    0.207020] pci 0000:00:1b.4: PCI bridge to [bus 04]
Nov  1 13:39:36 manugil-regolith kernel: [    0.207026] pci 0000:00:1c.0: PCI bridge to [bus 05]
Nov  1 13:39:36 manugil-regolith kernel: [    0.207032] pci 0000:00:1c.2: PCI bridge to [bus 06]
Nov  1 13:39:36 manugil-regolith kernel: [    0.207038] pci 0000:00:1c.4: PCI bridge to [bus 07]
Nov  1 13:39:36 manugil-regolith kernel: [    0.207039] pci 0000:00:1c.4:   bridge window [io  0xd000-0xdfff]
Nov  1 13:39:36 manugil-regolith kernel: [    0.207041] pci 0000:00:1c.4:   bridge window [mem 0xf7200000-0xf72fffff]
Nov  1 13:39:36 manugil-regolith kernel: [    0.207045] pci 0000:00:1c.5: PCI bridge to [bus 08]
Nov  1 13:39:36 manugil-regolith kernel: [    0.207047] pci 0000:00:1c.5:   bridge window [mem 0xf7100000-0xf71fffff]
Nov  1 13:39:36 manugil-regolith kernel: [    0.207051] pci 0000:00:1c.6: PCI bridge to [bus 09]
Nov  1 13:39:36 manugil-regolith kernel: [    0.207056] pci 0000:00:1c.7: PCI bridge to [bus 0a]
Nov  1 13:39:36 manugil-regolith kernel: [    0.207061] pci 0000:00:1d.0: PCI bridge to [bus 0b]
Nov  1 13:39:36 manugil-regolith kernel: [    0.207068] pci_bus 0000:00: resource 4 [io  0x0000-0x0cf7 window]
Nov  1 13:39:36 manugil-regolith kernel: [    0.207068] pci_bus 0000:00: resource 5 [io  0x0d00-0xffff window]
Nov  1 13:39:36 manugil-regolith kernel: [    0.207069] pci_bus 0000:00: resource 6 [mem 0x000a0000-0x000bffff window]
Nov  1 13:39:36 manugil-regolith kernel: [    0.207069] pci_bus 0000:00: resource 7 [mem 0xc0000000-0xf7ffffff window]
Nov  1 13:39:36 manugil-regolith kernel: [    0.207070] pci_bus 0000:00: resource 8 [mem 0xfd000000-0xfe7fffff window]
Nov  1 13:39:36 manugil-regolith kernel: [    0.207070] pci_bus 0000:01: resource 0 [io  0xe000-0xefff]
Nov  1 13:39:36 manugil-regolith kernel: [    0.207071] pci_bus 0000:01: resource 1 [mem 0xf6000000-0xf70fffff]
Nov  1 13:39:36 manugil-regolith kernel: [    0.207071] pci_bus 0000:01: resource 2 [mem 0xe0000000-0xf1ffffff 64bit pref]
Nov  1 13:39:36 manugil-regolith kernel: [    0.207072] pci_bus 0000:07: resource 0 [io  0xd000-0xdfff]
Nov  1 13:39:36 manugil-regolith kernel: [    0.207073] pci_bus 0000:07: resource 1 [mem 0xf7200000-0xf72fffff]
Nov  1 13:39:36 manugil-regolith kernel: [    0.207073] pci_bus 0000:08: resource 1 [mem 0xf7100000-0xf71fffff]
Nov  1 13:39:36 manugil-regolith kernel: [    0.207183] NET: Registered protocol family 2
Nov  1 13:39:36 manugil-regolith kernel: [    0.207270] tcp_listen_portaddr_hash hash table entries: 8192 (order: 5, 131072 bytes, linear)
Nov  1 13:39:36 manugil-regolith kernel: [    0.207317] TCP established hash table entries: 131072 (order: 8, 1048576 bytes, linear)
Nov  1 13:39:36 manugil-regolith kernel: [    0.207416] TCP bind hash table entries: 65536 (order: 8, 1048576 bytes, linear)
Nov  1 13:39:36 manugil-regolith kernel: [    0.207477] TCP: Hash tables configured (established 131072 bind 65536)
Nov  1 13:39:36 manugil-regolith kernel: [    0.207504] UDP hash table entries: 8192 (order: 6, 262144 bytes, linear)
Nov  1 13:39:36 manugil-regolith kernel: [    0.207529] UDP-Lite hash table entries: 8192 (order: 6, 262144 bytes, linear)
Nov  1 13:39:36 manugil-regolith kernel: [    0.207562] NET: Registered protocol family 1
Nov  1 13:39:36 manugil-regolith kernel: [    0.207564] NET: Registered protocol family 44
Nov  1 13:39:36 manugil-regolith kernel: [    0.208355] pci 0000:01:00.0: Video device with shadowed ROM at [mem 0x000c0000-0x000dffff]
Nov  1 13:39:36 manugil-regolith kernel: [    0.208363] pci 0000:01:00.1: D0 power state depends on 0000:01:00.0
Nov  1 13:39:36 manugil-regolith kernel: [    0.208371] PCI: CLS 64 bytes, default 64
Nov  1 13:39:36 manugil-regolith kernel: [    0.208414] Trying to unpack rootfs image as initramfs...
Nov  1 13:39:36 manugil-regolith kernel: [    0.274621] Initramfs unpacking failed: Decoding failed
Nov  1 13:39:36 manugil-regolith kernel: [    0.277133] Freeing initrd memory: 48396K
Nov  1 13:39:36 manugil-regolith kernel: [    0.308534] PCI-DMA: Using software bounce buffering for IO (SWIOTLB)
Nov  1 13:39:36 manugil-regolith kernel: [    0.308538] software IO TLB: mapped [mem 0xab792000-0xaf792000] (64MB)
Nov  1 13:39:36 manugil-regolith kernel: [    0.308769] check: Scanning for low memory corruption every 60 seconds
Nov  1 13:39:36 manugil-regolith kernel: [    0.309024] Initialise system trusted keyrings
Nov  1 13:39:36 manugil-regolith kernel: [    0.309033] Key type blacklist registered
Nov  1 13:39:36 manugil-regolith kernel: [    0.309047] workingset: timestamp_bits=36 max_order=22 bucket_order=0
Nov  1 13:39:36 manugil-regolith kernel: [    0.309712] zbud: loaded
Nov  1 13:39:36 manugil-regolith kernel: [    0.309906] squashfs: version 4.0 (2009/01/31) Phillip Lougher
Nov  1 13:39:36 manugil-regolith kernel: [    0.309980] fuse: init (API version 7.31)
Nov  1 13:39:36 manugil-regolith kernel: [    0.309988] *** VALIDATE fuse ***
Nov  1 13:39:36 manugil-regolith kernel: [    0.309988] *** VALIDATE fuse ***
Nov  1 13:39:36 manugil-regolith kernel: [    0.310043] Platform Keyring initialized
Nov  1 13:39:36 manugil-regolith kernel: [    0.312014] Key type asymmetric registered
Nov  1 13:39:36 manugil-regolith kernel: [    0.312014] Asymmetric key parser 'x509' registered
Nov  1 13:39:36 manugil-regolith kernel: [    0.312019] Block layer SCSI generic (bsg) driver version 0.4 loaded (major 244)
Nov  1 13:39:36 manugil-regolith kernel: [    0.312040] io scheduler mq-deadline registered
Nov  1 13:39:36 manugil-regolith kernel: [    0.313355] shpchp: Standard Hot Plug PCI Controller Driver version: 0.4
Nov  1 13:39:36 manugil-regolith kernel: [    0.313385] efifb: probing for efifb
Nov  1 13:39:36 manugil-regolith kernel: [    0.313393] efifb: No BGRT, not showing boot graphics
Nov  1 13:39:36 manugil-regolith kernel: [    0.313394] efifb: framebuffer at 0xf1000000, using 3072k, total 3072k
Nov  1 13:39:36 manugil-regolith kernel: [    0.313395] efifb: mode is 1024x768x32, linelength=4096, pages=1
Nov  1 13:39:36 manugil-regolith kernel: [    0.313395] efifb: scrolling: redraw
Nov  1 13:39:36 manugil-regolith kernel: [    0.313395] efifb: Truecolor: size=8:8:8:8, shift=24:16:8:0
Nov  1 13:39:36 manugil-regolith kernel: [    0.313413] fbcon: Deferring console take-over
Nov  1 13:39:36 manugil-regolith kernel: [    0.313414] fb0: EFI VGA frame buffer device
Nov  1 13:39:36 manugil-regolith kernel: [    0.313418] intel_idle: MWAIT substates: 0x142120
Nov  1 13:39:36 manugil-regolith kernel: [    0.313418] intel_idle: v0.4.1 model 0x9E
Nov  1 13:39:36 manugil-regolith kernel: [    0.313607] intel_idle: lapic_timer_reliable_states 0xffffffff
Nov  1 13:39:36 manugil-regolith kernel: [    0.313724] input: Sleep Button as /devices/LNXSYSTM:00/LNXSYBUS:00/PNP0C0E:00/input/input0
Nov  1 13:39:36 manugil-regolith kernel: [    0.313735] ACPI: Sleep Button [SLPB]
Nov  1 13:39:36 manugil-regolith kernel: [    0.313750] input: Power Button as /devices/LNXSYSTM:00/LNXSYBUS:00/PNP0C0C:00/input/input1
Nov  1 13:39:36 manugil-regolith kernel: [    0.313757] ACPI: Power Button [PWRB]
Nov  1 13:39:36 manugil-regolith kernel: [    0.313771] input: Power Button as /devices/LNXSYSTM:00/LNXPWRBN:00/input/input2
Nov  1 13:39:36 manugil-regolith kernel: [    0.313786] ACPI: Power Button [PWRF]
Nov  1 13:39:36 manugil-regolith kernel: [    0.314416] thermal LNXTHERM:00: registered as thermal_zone0
Nov  1 13:39:36 manugil-regolith kernel: [    0.314417] ACPI: Thermal Zone [TZ00] (28 C)
Nov  1 13:39:36 manugil-regolith kernel: [    0.314524] thermal LNXTHERM:01: registered as thermal_zone1
Nov  1 13:39:36 manugil-regolith kernel: [    0.314524] ACPI: Thermal Zone [TZ01] (30 C)
Nov  1 13:39:36 manugil-regolith kernel: [    0.314613] Serial: 8250/16550 driver, 32 ports, IRQ sharing enabled
Nov  1 13:39:36 manugil-regolith kernel: [    0.315634] Linux agpgart interface v0.103
Nov  1 13:39:36 manugil-regolith kernel: [    0.316959] loop: module loaded
Nov  1 13:39:36 manugil-regolith kernel: [    0.317055] libphy: Fixed MDIO Bus: probed
Nov  1 13:39:36 manugil-regolith kernel: [    0.317055] tun: Universal TUN/TAP device driver, 1.6
Nov  1 13:39:36 manugil-regolith kernel: [    0.317067] PPP generic driver version 2.4.2
Nov  1 13:39:36 manugil-regolith kernel: [    0.317089] VFIO - User Level meta-driver version: 0.3
Nov  1 13:39:36 manugil-regolith kernel: [    0.317145] ehci_hcd: USB 2.0 'Enhanced' Host Controller (EHCI) Driver
Nov  1 13:39:36 manugil-regolith kernel: [    0.317147] ehci-pci: EHCI PCI platform driver
Nov  1 13:39:36 manugil-regolith kernel: [    0.317151] ehci-platform: EHCI generic platform driver
Nov  1 13:39:36 manugil-regolith kernel: [    0.317155] ohci_hcd: USB 1.1 'Open' Host Controller (OHCI) Driver
Nov  1 13:39:36 manugil-regolith kernel: [    0.317158] ohci-pci: OHCI PCI platform driver
Nov  1 13:39:36 manugil-regolith kernel: [    0.317162] ohci-platform: OHCI generic platform driver
Nov  1 13:39:36 manugil-regolith kernel: [    0.317165] uhci_hcd: USB Universal Host Controller Interface driver
Nov  1 13:39:36 manugil-regolith kernel: [    0.317262] xhci_hcd 0000:00:14.0: xHCI Host Controller
Nov  1 13:39:36 manugil-regolith kernel: [    0.317265] xhci_hcd 0000:00:14.0: new USB bus registered, assigned bus number 1
Nov  1 13:39:36 manugil-regolith kernel: [    0.318312] xhci_hcd 0000:00:14.0: hcc params 0x200077c1 hci version 0x100 quirks 0x0000000000009810
Nov  1 13:39:36 manugil-regolith kernel: [    0.318316] xhci_hcd 0000:00:14.0: cache line size of 64 is not supported
Nov  1 13:39:36 manugil-regolith kernel: [    0.318424] usb usb1: New USB device found, idVendor=1d6b, idProduct=0002, bcdDevice= 5.04
Nov  1 13:39:36 manugil-regolith kernel: [    0.318425] usb usb1: New USB device strings: Mfr=3, Product=2, SerialNumber=1
Nov  1 13:39:36 manugil-regolith kernel: [    0.318426] usb usb1: Product: xHCI Host Controller
Nov  1 13:39:36 manugil-regolith kernel: [    0.318426] usb usb1: Manufacturer: Linux 5.4.0-52-generic xhci-hcd
Nov  1 13:39:36 manugil-regolith kernel: [    0.318427] usb usb1: SerialNumber: 0000:00:14.0
Nov  1 13:39:36 manugil-regolith kernel: [    0.318481] hub 1-0:1.0: USB hub found
Nov  1 13:39:36 manugil-regolith kernel: [    0.318494] hub 1-0:1.0: 16 ports detected
Nov  1 13:39:36 manugil-regolith kernel: [    0.319706] xhci_hcd 0000:00:14.0: xHCI Host Controller
Nov  1 13:39:36 manugil-regolith kernel: [    0.319708] xhci_hcd 0000:00:14.0: new USB bus registered, assigned bus number 2
Nov  1 13:39:36 manugil-regolith kernel: [    0.319709] xhci_hcd 0000:00:14.0: Host supports USB 3.0 SuperSpeed
Nov  1 13:39:36 manugil-regolith kernel: [    0.319727] usb usb2: New USB device found, idVendor=1d6b, idProduct=0003, bcdDevice= 5.04
Nov  1 13:39:36 manugil-regolith kernel: [    0.319728] usb usb2: New USB device strings: Mfr=3, Product=2, SerialNumber=1
Nov  1 13:39:36 manugil-regolith kernel: [    0.319729] usb usb2: Product: xHCI Host Controller
Nov  1 13:39:36 manugil-regolith kernel: [    0.319729] usb usb2: Manufacturer: Linux 5.4.0-52-generic xhci-hcd
Nov  1 13:39:36 manugil-regolith kernel: [    0.319730] usb usb2: SerialNumber: 0000:00:14.0
Nov  1 13:39:36 manugil-regolith kernel: [    0.319789] hub 2-0:1.0: USB hub found
Nov  1 13:39:36 manugil-regolith kernel: [    0.319811] hub 2-0:1.0: 10 ports detected
Nov  1 13:39:36 manugil-regolith kernel: [    0.320623] usb: port power management may be unreliable
Nov  1 13:39:36 manugil-regolith kernel: [    0.320767] i8042: PNP: No PS/2 controller found.
Nov  1 13:39:36 manugil-regolith kernel: [    0.320872] mousedev: PS/2 mouse device common for all mice
Nov  1 13:39:36 manugil-regolith kernel: [    0.321138] rtc_cmos 00:03: RTC can wake from S4
Nov  1 13:39:36 manugil-regolith kernel: [    0.321620] rtc_cmos 00:03: registered as rtc0
Nov  1 13:39:36 manugil-regolith kernel: [    0.321639] rtc_cmos 00:03: alarms up to one month, y3k, 242 bytes nvram, hpet irqs
Nov  1 13:39:36 manugil-regolith kernel: [    0.321641] i2c /dev entries driver
Nov  1 13:39:36 manugil-regolith kernel: [    0.321659] device-mapper: uevent: version 1.0.3
Nov  1 13:39:36 manugil-regolith kernel: [    0.321735] device-mapper: ioctl: 4.41.0-ioctl (2019-09-16) initialised: dm-devel@redhat.com
Nov  1 13:39:36 manugil-regolith kernel: [    0.321745] platform eisa.0: Probing EISA bus 0
Nov  1 13:39:36 manugil-regolith kernel: [    0.321746] platform eisa.0: EISA: Cannot allocate resource for mainboard
Nov  1 13:39:36 manugil-regolith kernel: [    0.321746] platform eisa.0: Cannot allocate resource for EISA slot 1
Nov  1 13:39:36 manugil-regolith kernel: [    0.321747] platform eisa.0: Cannot allocate resource for EISA slot 2
Nov  1 13:39:36 manugil-regolith kernel: [    0.321747] platform eisa.0: Cannot allocate resource for EISA slot 3
Nov  1 13:39:36 manugil-regolith kernel: [    0.321748] platform eisa.0: Cannot allocate resource for EISA slot 4
Nov  1 13:39:36 manugil-regolith kernel: [    0.321748] platform eisa.0: Cannot allocate resource for EISA slot 5
Nov  1 13:39:36 manugil-regolith kernel: [    0.321749] platform eisa.0: Cannot allocate resource for EISA slot 6
Nov  1 13:39:36 manugil-regolith kernel: [    0.321749] platform eisa.0: Cannot allocate resource for EISA slot 7
Nov  1 13:39:36 manugil-regolith kernel: [    0.321749] platform eisa.0: Cannot allocate resource for EISA slot 8
Nov  1 13:39:36 manugil-regolith kernel: [    0.321750] platform eisa.0: EISA: Detected 0 cards
Nov  1 13:39:36 manugil-regolith kernel: [    0.321752] intel_pstate: Intel P-state driver initializing
Nov  1 13:39:36 manugil-regolith kernel: [    0.322152] intel_pstate: HWP enabled
Nov  1 13:39:36 manugil-regolith kernel: [    0.322290] ledtrig-cpu: registered to indicate activity on CPUs
Nov  1 13:39:36 manugil-regolith kernel: [    0.322292] EFI Variables Facility v0.08 2004-May-17
Nov  1 13:39:36 manugil-regolith kernel: [    0.349795] resource sanity check: requesting [mem 0xfdffe800-0xfe0007ff], which spans more than pnp 00:06 [mem 0xfdb00000-0xfdffffff]
Nov  1 13:39:36 manugil-regolith kernel: [    0.349798] caller pmc_core_probe+0x7f/0x17f mapping multiple BARs
Nov  1 13:39:36 manugil-regolith kernel: [    0.349805] intel_pmc_core INT33A1:00:  initialized
Nov  1 13:39:36 manugil-regolith kernel: [    0.349854] drop_monitor: Initializing network drop monitor service
Nov  1 13:39:36 manugil-regolith kernel: [    0.349942] NET: Registered protocol family 10
Nov  1 13:39:36 manugil-regolith kernel: [    0.353327] Segment Routing with IPv6
Nov  1 13:39:36 manugil-regolith kernel: [    0.353339] NET: Registered protocol family 17
Nov  1 13:39:36 manugil-regolith kernel: [    0.353365] Key type dns_resolver registered
Nov  1 13:39:36 manugil-regolith kernel: [    0.353683] RAS: Correctable Errors collector initialized.
Nov  1 13:39:36 manugil-regolith kernel: [    0.353699] microcode: sig=0x906e9, pf=0x2, revision=0xd6
Nov  1 13:39:36 manugil-regolith kernel: [    0.353813] microcode: Microcode Update Driver: v2.2.
